Command line invocation:
    /Applications/Xcode.app/Contents/Developer/usr/bin/xcodebuild -project DockMinimize/DockMinimize.xcodeproj -scheme DockMinimize -configuration Release build

--- xcodebuild: WARNING: Using the first of multiple matching destinations:
{ platform:macOS, arch:arm64, id:00006030-001A11AC3C52001C, name:My Mac }
{ platform:macOS, arch:x86_64, id:00006030-001A11AC3C52001C, name:My Mac }
{ platform:macOS, name:Any Mac }
ComputePackagePrebuildTargetDependencyGraph

Prepare packages

CreateBuildRequest

SendProjectDescription

CreateBuildOperation

ComputeTargetDependencyGraph
note: Building targets in dependency order
note: Target dependency graph (1 target)
    Target 'DockMinimize' in project 'DockMinimize' (no dependencies)

GatherProvisioningInputs

CreateBuildDescription

ClangStatCache /Applications/Xcode.app/Contents/Developer/Toolchains/XcodeDefault.xctoolchain/usr/bin/clang-stat-cache /Applications/Xcode.app/Contents/Developer/Platforms/MacOSX.platform/Developer/SDKs/MacOSX26.2.sdk /Users/ivean/Library/Developer/Xcode/DerivedData/SDKStatCaches.noindex/macosx26.2-25C57-00fa09913b459cbbc988d1f6730289ae.sdkstatcache
    cd /Users/ivean/Documents/软件安装/我的扩展/DockMinimize/DockMinimize/DockMinimize.xcodeproj
    /Applications/Xcode.app/Contents/Developer/Toolchains/XcodeDefault.xctoolchain/usr/bin/clang-stat-cache /Applications/Xcode.app/Contents/Developer/Platforms/MacOSX.platform/Developer/SDKs/MacOSX26.2.sdk -o /Users/ivean/Library/Developer/Xcode/DerivedData/SDKStatCaches.noindex/macosx26.2-25C57-00fa09913b459cbbc988d1f6730289ae.sdkstatcache

SwiftDriver DockMinimize normal x86_64 com.apple.xcode.tools.swift.compiler (in target 'DockMinimize' from project 'DockMinimize')
    cd /Users/ivean/Documents/软件安装/我的扩展/DockMinimize/DockMinimize
    builtin-SwiftDriver -- /Applications/Xcode.app/Contents/Developer/Toolchains/XcodeDefault.xctoolchain/usr/bin/swiftc -module-name DockMinimize -O -whole-module-optimization -enforce-exclusivity\=checked @/Users/ivean/Library/Developer/Xcode/DerivedData/DockMinimize-butboltxyivsradwxfexqksgjlss/Build/Intermediates.noindex/DockMinimize.build/Release/DockMinimize.build/Objects-normal/x86_64/DockMinimize.SwiftFileList -enable-bare-slash-regex -enable-experimental-feature DebugDescriptionMacro -sdk /Applications/Xcode.app/Contents/Developer/Platforms/MacOSX.platform/Developer/SDKs/MacOSX26.2.sdk -target x86_64-apple-macos13.0 -g -module-cache-path /Users/ivean/Library/Developer/Xcode/DerivedData/ModuleCache.noindex -Xfrontend -serialize-debugging-options -swift-version 5 -I /Users/ivean/Library/Developer/Xcode/DerivedData/DockMinimize-butboltxyivsradwxfexqksgjlss/Build/Products/Release -F /Users/ivean/Library/Developer/Xcode/DerivedData/DockMinimize-butboltxyivsradwxfexqksgjlss/Build/Products/Release -emit-localized-strings -emit-localized-strings-path /Users/ivean/Library/Developer/Xcode/DerivedData/DockMinimize-butboltxyivsradwxfexqksgjlss/Build/Intermediates.noindex/DockMinimize.build/Release/DockMinimize.build/Objects-normal/x86_64 -c -num-threads 12 -Xcc -ivfsstatcache -Xcc /Users/ivean/Library/Developer/Xcode/DerivedData/SDKStatCaches.noindex/macosx26.2-25C57-00fa09913b459cbbc988d1f6730289ae.sdkstatcache -output-file-map /Users/ivean/Library/Developer/Xcode/DerivedData/DockMinimize-butboltxyivsradwxfexqksgjlss/Build/Intermediates.noindex/DockMinimize.build/Release/DockMinimize.build/Objects-normal/x86_64/DockMinimize-OutputFileMap.json -use-frontend-parseable-output -save-temps -no-color-diagnostics -explicit-module-build -module-cache-path /Users/ivean/Library/Developer/Xcode/DerivedData/DockMinimize-butboltxyivsradwxfexqksgjlss/Build/Intermediates.noindex/SwiftExplicitPrecompiledModules -clang-scanner-module-cache-path /Users/ivean/Library/Developer/Xcode/DerivedData/ModuleCache.noindex -sdk-module-cache-path /Users/ivean/Library/Developer/Xcode/DerivedData/ModuleCache.noindex -serialize-diagnostics -emit-dependencies -emit-module -emit-module-path /Users/ivean/Library/Developer/Xcode/DerivedData/DockMinimize-butboltxyivsradwxfexqksgjlss/Build/Intermediates.noindex/DockMinimize.build/Release/DockMinimize.build/Objects-normal/x86_64/DockMinimize.swiftmodule -validate-clang-modules-once -clang-build-session-file /Users/ivean/Library/Developer/Xcode/DerivedData/ModuleCache.noindex/Session.modulevalidation -Xcc -I/Users/ivean/Library/Developer/Xcode/DerivedData/DockMinimize-butboltxyivsradwxfexqksgjlss/Build/Intermediates.noindex/DockMinimize.build/Release/DockMinimize.build/swift-overrides.hmap -emit-const-values -Xfrontend -const-gather-protocols-file -Xfrontend /Users/ivean/Library/Developer/Xcode/DerivedData/DockMinimize-butboltxyivsradwxfexqksgjlss/Build/Intermediates.noindex/DockMinimize.build/Release/DockMinimize.build/Objects-normal/x86_64/DockMinimize_const_extract_protocols.json -Xcc -iquote -Xcc /Users/ivean/Library/Developer/Xcode/DerivedData/DockMinimize-butboltxyivsradwxfexqksgjlss/Build/Intermediates.noindex/DockMinimize.build/Release/DockMinimize.build/DockMinimize-generated-files.hmap -Xcc -I/Users/ivean/Library/Developer/Xcode/DerivedData/DockMinimize-butboltxyivsradwxfexqksgjlss/Build/Intermediates.noindex/DockMinimize.build/Release/DockMinimize.build/DockMinimize-own-target-headers.hmap -Xcc -I/Users/ivean/Library/Developer/Xcode/DerivedData/DockMinimize-butboltxyivsradwxfexqksgjlss/Build/Intermediates.noindex/DockMinimize.build/Release/DockMinimize.build/DockMinimize-all-target-headers.hmap -Xcc -iquote -Xcc /Users/ivean/Library/Developer/Xcode/DerivedData/DockMinimize-butboltxyivsradwxfexqksgjlss/Build/Intermediates.noindex/DockMinimize.build/Release/DockMinimize.build/DockMinimize-project-headers.hmap -Xcc -I/Users/ivean/Library/Developer/Xcode/DerivedData/DockMinimize-butboltxyivsradwxfexqksgjlss/Build/Products/Release/include -Xcc -I/Users/ivean/Library/Developer/Xcode/DerivedData/DockMinimize-butboltxyivsradwxfexqksgjlss/Build/Intermediates.noindex/DockMinimize.build/Release/DockMinimize.build/DerivedSources-normal/x86_64 -Xcc -I/Users/ivean/Library/Developer/Xcode/DerivedData/DockMinimize-butboltxyivsradwxfexqksgjlss/Build/Intermediates.noindex/DockMinimize.build/Release/DockMinimize.build/DerivedSources/x86_64 -Xcc -I/Users/ivean/Library/Developer/Xcode/DerivedData/DockMinimize-butboltxyivsradwxfexqksgjlss/Build/Intermediates.noindex/DockMinimize.build/Release/DockMinimize.build/DerivedSources -emit-objc-header -emit-objc-header-path /Users/ivean/Library/Developer/Xcode/DerivedData/DockMinimize-butboltxyivsradwxfexqksgjlss/Build/Intermediates.noindex/DockMinimize.build/Release/DockMinimize.build/Objects-normal/x86_64/DockMinimize-Swift.h -working-directory /Users/ivean/Documents/软件安装/我的扩展/DockMinimize/DockMinimize -no-emit-module-separately-wmo

SwiftDriver DockMinimize normal arm64 com.apple.xcode.tools.swift.compiler (in target 'DockMinimize' from project 'DockMinimize')
    cd /Users/ivean/Documents/软件安装/我的扩展/DockMinimize/DockMinimize
    builtin-SwiftDriver -- /Applications/Xcode.app/Contents/Developer/Toolchains/XcodeDefault.xctoolchain/usr/bin/swiftc -module-name DockMinimize -O -whole-module-optimization -enforce-exclusivity\=checked @/Users/ivean/Library/Developer/Xcode/DerivedData/DockMinimize-butboltxyivsradwxfexqksgjlss/Build/Intermediates.noindex/DockMinimize.build/Release/DockMinimize.build/Objects-normal/arm64/DockMinimize.SwiftFileList -enable-bare-slash-regex -enable-experimental-feature DebugDescriptionMacro -sdk /Applications/Xcode.app/Contents/Developer/Platforms/MacOSX.platform/Developer/SDKs/MacOSX26.2.sdk -target arm64-apple-macos13.0 -g -module-cache-path /Users/ivean/Library/Developer/Xcode/DerivedData/ModuleCache.noindex -Xfrontend -serialize-debugging-options -swift-version 5 -I /Users/ivean/Library/Developer/Xcode/DerivedData/DockMinimize-butboltxyivsradwxfexqksgjlss/Build/Products/Release -F /Users/ivean/Library/Developer/Xcode/DerivedData/DockMinimize-butboltxyivsradwxfexqksgjlss/Build/Products/Release -emit-localized-strings -emit-localized-strings-path /Users/ivean/Library/Developer/Xcode/DerivedData/DockMinimize-butboltxyivsradwxfexqksgjlss/Build/Intermediates.noindex/DockMinimize.build/Release/DockMinimize.build/Objects-normal/arm64 -c -num-threads 12 -Xcc -ivfsstatcache -Xcc /Users/ivean/Library/Developer/Xcode/DerivedData/SDKStatCaches.noindex/macosx26.2-25C57-00fa09913b459cbbc988d1f6730289ae.sdkstatcache -output-file-map /Users/ivean/Library/Developer/Xcode/DerivedData/DockMinimize-butboltxyivsradwxfexqksgjlss/Build/Intermediates.noindex/DockMinimize.build/Release/DockMinimize.build/Objects-normal/arm64/DockMinimize-OutputFileMap.json -use-frontend-parseable-output -save-temps -no-color-diagnostics -explicit-module-build -module-cache-path /Users/ivean/Library/Developer/Xcode/DerivedData/DockMinimize-butboltxyivsradwxfexqksgjlss/Build/Intermediates.noindex/SwiftExplicitPrecompiledModules -clang-scanner-module-cache-path /Users/ivean/Library/Developer/Xcode/DerivedData/ModuleCache.noindex -sdk-module-cache-path /Users/ivean/Library/Developer/Xcode/DerivedData/ModuleCache.noindex -serialize-diagnostics -emit-dependencies -emit-module -emit-module-path /Users/ivean/Library/Developer/Xcode/DerivedData/DockMinimize-butboltxyivsradwxfexqksgjlss/Build/Intermediates.noindex/DockMinimize.build/Release/DockMinimize.build/Objects-normal/arm64/DockMinimize.swiftmodule -validate-clang-modules-once -clang-build-session-file /Users/ivean/Library/Developer/Xcode/DerivedData/ModuleCache.noindex/Session.modulevalidation -Xcc -I/Users/ivean/Library/Developer/Xcode/DerivedData/DockMinimize-butboltxyivsradwxfexqksgjlss/Build/Intermediates.noindex/DockMinimize.build/Release/DockMinimize.build/swift-overrides.hmap -emit-const-values -Xfrontend -const-gather-protocols-file -Xfrontend /Users/ivean/Library/Developer/Xcode/DerivedData/DockMinimize-butboltxyivsradwxfexqksgjlss/Build/Intermediates.noindex/DockMinimize.build/Release/DockMinimize.build/Objects-normal/arm64/DockMinimize_const_extract_protocols.json -Xcc -iquote -Xcc /Users/ivean/Library/Developer/Xcode/DerivedData/DockMinimize-butboltxyivsradwxfexqksgjlss/Build/Intermediates.noindex/DockMinimize.build/Release/DockMinimize.build/DockMinimize-generated-files.hmap -Xcc -I/Users/ivean/Library/Developer/Xcode/DerivedData/DockMinimize-butboltxyivsradwxfexqksgjlss/Build/Intermediates.noindex/DockMinimize.build/Release/DockMinimize.build/DockMinimize-own-target-headers.hmap -Xcc -I/Users/ivean/Library/Developer/Xcode/DerivedData/DockMinimize-butboltxyivsradwxfexqksgjlss/Build/Intermediates.noindex/DockMinimize.build/Release/DockMinimize.build/DockMinimize-all-target-headers.hmap -Xcc -iquote -Xcc /Users/ivean/Library/Developer/Xcode/DerivedData/DockMinimize-butboltxyivsradwxfexqksgjlss/Build/Intermediates.noindex/DockMinimize.build/Release/DockMinimize.build/DockMinimize-project-headers.hmap -Xcc -I/Users/ivean/Library/Developer/Xcode/DerivedData/DockMinimize-butboltxyivsradwxfexqksgjlss/Build/Products/Release/include -Xcc -I/Users/ivean/Library/Developer/Xcode/DerivedData/DockMinimize-butboltxyivsradwxfexqksgjlss/Build/Intermediates.noindex/DockMinimize.build/Release/DockMinimize.build/DerivedSources-normal/arm64 -Xcc -I/Users/ivean/Library/Developer/Xcode/DerivedData/DockMinimize-butboltxyivsradwxfexqksgjlss/Build/Intermediates.noindex/DockMinimize.build/Release/DockMinimize.build/DerivedSources/arm64 -Xcc -I/Users/ivean/Library/Developer/Xcode/DerivedData/DockMinimize-butboltxyivsradwxfexqksgjlss/Build/Intermediates.noindex/DockMinimize.build/Release/DockMinimize.build/DerivedSources -emit-objc-header -emit-objc-header-path /Users/ivean/Library/Developer/Xcode/DerivedData/DockMinimize-butboltxyivsradwxfexqksgjlss/Build/Intermediates.noindex/DockMinimize.build/Release/DockMinimize.build/Objects-normal/arm64/DockMinimize-Swift.h -working-directory /Users/ivean/Documents/软件安装/我的扩展/DockMinimize/DockMinimize -no-emit-module-separately-wmo

SwiftCompile normal x86_64 Compiling\ DockMinimizeApp.swift,\ AppDelegate.swift,\ MenuBarController.swift,\ AccessibilityManager.swift,\ DockEventMonitor.swift,\ WindowManager.swift,\ SettingsManager.swift,\ SettingsView.swift,\ DebugLogger.swift,\ ScreenCaptureManager.swift,\ WindowThumbnailService.swift,\ HoverEventMonitor.swift,\ PreviewStateManager.swift,\ ThumbnailCardView.swift,\ PreviewBarView.swift,\ PreviewBarController.swift,\ PrivateApis.swift,\ LargePreviewView.swift,\ CacheManager.swift,\ GeneratedAssetSymbols.swift /Users/ivean/Documents/软件安装/我的扩展/DockMinimize/DockMinimize/DockMinimizeApp.swift /Users/ivean/Documents/软件安装/我的扩展/DockMinimize/DockMinimize/AppDelegate.swift /Users/ivean/Documents/软件安装/我的扩展/DockMinimize/DockMinimize/MenuBarController.swift /Users/ivean/Documents/软件安装/我的扩展/DockMinimize/DockMinimize/AccessibilityManager.swift /Users/ivean/Documents/软件安装/我的扩展/DockMinimize/DockMinimize/DockEventMonitor.swift /Users/ivean/Documents/软件安装/我的扩展/DockMinimize/DockMinimize/WindowManager.swift /Users/ivean/Documents/软件安装/我的扩展/DockMinimize/DockMinimize/SettingsManager.swift /Users/ivean/Documents/软件安装/我的扩展/DockMinimize/DockMinimize/SettingsView.swift /Users/ivean/Documents/软件安装/我的扩展/DockMinimize/DockMinimize/DebugLogger.swift /Users/ivean/Documents/软件安装/我的扩展/DockMinimize/DockMinimize/ScreenCaptureManager.swift /Users/ivean/Documents/软件安装/我的扩展/DockMinimize/DockMinimize/WindowThumbnailService.swift /Users/ivean/Documents/软件安装/我的扩展/DockMinimize/DockMinimize/HoverEventMonitor.swift /Users/ivean/Documents/软件安装/我的扩展/DockMinimize/DockMinimize/PreviewStateManager.swift /Users/ivean/Documents/软件安装/我的扩展/DockMinimize/DockMinimize/ThumbnailCardView.swift /Users/ivean/Documents/软件安装/我的扩展/DockMinimize/DockMinimize/PreviewBarView.swift /Users/ivean/Documents/软件安装/我的扩展/DockMinimize/DockMinimize/PreviewBarController.swift /Users/ivean/Documents/软件安装/我的扩展/DockMinimize/DockMinimize/PrivateApis.swift /Users/ivean/Documents/软件安装/我的扩展/DockMinimize/DockMinimize/LargePreviewView.swift /Users/ivean/Documents/软件安装/我的扩展/DockMinimize/DockMinimize/CacheManager.swift /Users/ivean/Library/Developer/Xcode/DerivedData/DockMinimize-butboltxyivsradwxfexqksgjlss/Build/Intermediates.noindex/DockMinimize.build/Release/DockMinimize.build/DerivedSources/GeneratedAssetSymbols.swift /Applications/Xcode.app/Contents/Developer/Toolchains/XcodeDefault.xctoolchain/usr/lib/swift/macosx/prebuilt-modules/26.2/XPC.swiftmodule/x86_64-apple-macos.swiftmodule /Applications/Xcode.app/Contents/Developer/Toolchains/XcodeDefault.xctoolchain/usr/lib/swift/macosx/prebuilt-modules/26.2/SwiftUI.swiftmodule/x86_64-apple-macos.swiftmodule /Applications/Xcode.app/Contents/Developer/Toolchains/XcodeDefault.xctoolchain/usr/lib/swift/macosx/prebuilt-modules/26.2/DeveloperToolsSupport.swiftmodule/x86_64-apple-macos.swiftmodule /Applications/Xcode.app/Contents/Developer/Toolchains/XcodeDefault.xctoolchain/usr/lib/swift/macosx/prebuilt-modules/26.2/_DarwinFoundation3.swiftmodule/x86_64-apple-macos.swiftmodule /Applications/Xcode.app/Contents/Developer/Toolchains/XcodeDefault.xctoolchain/usr/lib/swift/macosx/prebuilt-modules/26.2/Spatial.swiftmodule/x86_64-apple-macos.swiftmodule /Applications/Xcode.app/Contents/Developer/Toolchains/XcodeDefault.xctoolchain/usr/lib/swift/macosx/prebuilt-modules/26.2/Foundation.swiftmodule/x86_64-apple-macos.swiftmodule /Applications/Xcode.app/Contents/Developer/Toolchains/XcodeDefault.xctoolchain/usr/lib/swift/macosx/prebuilt-modules/26.2/Combine.swiftmodule/x86_64-apple-macos.swiftmodule /Applications/Xcode.app/Contents/Developer/Toolchains/XcodeDefault.xctoolchain/usr/lib/swift/macosx/prebuilt-modules/26.2/ObjectiveC.swiftmodule/x86_64-apple-macos.swiftmodule /Applications/Xcode.app/Contents/Developer/Toolchains/XcodeDefault.xctoolchain/usr/lib/swift/macosx/prebuilt-modules/26.2/Darwin.swiftmodule/x86_64-apple-macos.swiftmodule /Applications/Xcode.app/Contents/Developer/Toolchains/XcodeDefault.xctoolchain/usr/lib/swift/macosx/prebuilt-modules/26.2/CoreText.swiftmodule/x86_64-apple-macos.swiftmodule /Applications/Xcode.app/Contents/Developer/Toolchains/XcodeDefault.xctoolchain/usr/lib/swift/macosx/prebuilt-modules/26.2/simd.swiftmodule/x86_64-apple-macos.swiftmodule /Applications/Xcode.app/Contents/Developer/Toolchains/XcodeDefault.xctoolchain/usr/lib/swift/macosx/prebuilt-modules/26.2/CoreMedia.swiftmodule/x86_64-apple-macos.swiftmodule /Applications/Xcode.app/Contents/Developer/Toolchains/XcodeDefault.xctoolchain/usr/lib/swift/macosx/prebuilt-modules/26.2/Metal.swiftmodule/x86_64-apple-macos.swiftmodule /Applications/Xcode.app/Contents/Developer/Toolchains/XcodeDefault.xctoolchain/usr/lib/swift/macosx/prebuilt-modules/26.2/CoreTransferable.swiftmodule/x86_64-apple-macos.swiftmodule /Applications/Xcode.app/Contents/Developer/Toolchains/XcodeDefault.xctoolchain/usr/lib/swift/macosx/prebuilt-modules/26.2/IOKit.swiftmodule/x86_64-apple-macos.swiftmodule /Applications/Xcode.app/Contents/Developer/Toolchains/XcodeDefault.xctoolchain/usr/lib/swift/macosx/prebuilt-modules/26.2/CoreVideo.swiftmodule/x86_64-apple-macos.swiftmodule /Applications/Xcode.app/Contents/Developer/Toolchains/XcodeDefault.xctoolchain/usr/lib/swift/macosx/prebuilt-modules/26.2/Symbols.swiftmodule/x86_64-apple-macos.swiftmodule /Applications/Xcode.app/Contents/Developer/Toolchains/XcodeDefault.xctoolchain/usr/lib/swift/macosx/prebuilt-modules/26.2/System.swiftmodule/x86_64-apple-macos.swiftmodule /Applications/Xcode.app/Contents/Developer/Toolchains/XcodeDefault.xctoolchain/usr/lib/swift/macosx/prebuilt-modules/26.2/Observation.swiftmodule/x86_64-apple-macos.swiftmodule /Applications/Xcode.app/Contents/Developer/Toolchains/XcodeDefault.xctoolchain/usr/lib/swift/macosx/prebuilt-modules/26.2/AVFAudio.swiftmodule/x86_64-apple-macos.swiftmodule /Applications/Xcode.app/Contents/Developer/Toolchains/XcodeDefault.xctoolchain/usr/lib/swift/macosx/prebuilt-modules/26.2/Dispatch.swiftmodule/x86_64-apple-macos.swiftmodule /Applications/Xcode.app/Contents/Developer/Toolchains/XcodeDefault.xctoolchain/usr/lib/swift/macosx/prebuilt-modules/26.2/_StringProcessing.swiftmodule/x86_64-apple-macos.swiftmodule /Applications/Xcode.app/Contents/Developer/Toolchains/XcodeDefault.xctoolchain/usr/lib/swift/macosx/prebuilt-modules/26.2/_Concurrency.swiftmodule/x86_64-apple-macos.swiftmodule /Applications/Xcode.app/Contents/Developer/Toolchains/XcodeDefault.xctoolchain/usr/lib/swift/macosx/prebuilt-modules/26.2/OSLog.swiftmodule/x86_64-apple-macos.swiftmodule /Applications/Xcode.app/Contents/Developer/Toolchains/XcodeDefault.xctoolchain/usr/lib/swift/macosx/prebuilt-modules/26.2/CoreData.swiftmodule/x86_64-apple-macos.swiftmodule /Applications/Xcode.app/Contents/Developer/Toolchains/XcodeDefault.xctoolchain/usr/lib/swift/macosx/prebuilt-modules/26.2/_DarwinFoundation1.swiftmodule/x86_64-apple-macos.swiftmodule /Applications/Xcode.app/Contents/Developer/Toolchains/XcodeDefault.xctoolchain/usr/lib/swift/macosx/prebuilt-modules/26.2/AVFoundation.swiftmodule/x86_64-apple-macos.swiftmodule /Applications/Xcode.app/Contents/Developer/Toolchains/XcodeDefault.xctoolchain/usr/lib/swift/macosx/prebuilt-modules/26.2/CoreGraphics.swiftmodule/x86_64-apple-macos.swiftmodule /Applications/Xcode.app/Contents/Developer/Toolchains/XcodeDefault.xctoolchain/usr/lib/swift/macosx/prebuilt-modules/26.2/Swift.swiftmodule/x86_64-apple-macos.swiftmodule /Applications/Xcode.app/Contents/Developer/Toolchains/XcodeDefault.xctoolchain/usr/lib/swift/macosx/prebuilt-modules/26.2/AudioToolbox.swiftmodule/x86_64-apple-macos.swiftmodule /Applications/Xcode.app/Contents/Developer/Toolchains/XcodeDefault.xctoolchain/usr/lib/swift/macosx/prebuilt-modules/26.2/AppKit.swiftmodule/x86_64-apple-macos.swiftmodule /Applications/Xcode.app/Contents/Developer/Toolchains/XcodeDefault.xctoolchain/usr/lib/swift/macosx/prebuilt-modules/26.2/CoreFoundation.swiftmodule/x86_64-apple-macos.swiftmodule /Applications/Xcode.app/Contents/Developer/Toolchains/XcodeDefault.xctoolchain/usr/lib/swift/macosx/prebuilt-modules/26.2/Synchronization.swiftmodule/x86_64-apple-macos.swiftmodule /Applications/Xcode.app/Contents/Developer/Toolchains/XcodeDefault.xctoolchain/usr/lib/swift/macosx/prebuilt-modules/26.2/_Builtin_float.swiftmodule/x86_64-apple-macos.swiftmodule /Applications/Xcode.app/Contents/Developer/Toolchains/XcodeDefault.xctoolchain/usr/lib/swift/macosx/prebuilt-modules/26.2/Accessibility.swiftmodule/x86_64-apple-macos.swiftmodule /Applications/Xcode.app/Contents/Developer/Toolchains/XcodeDefault.xctoolchain/usr/lib/swift/macosx/prebuilt-modules/26.2/DataDetection.swiftmodule/x86_64-apple-macos.swiftmodule /Applications/Xcode.app/Contents/Developer/Toolchains/XcodeDefault.xctoolchain/usr/lib/swift/macosx/prebuilt-modules/26.2/ScreenCaptureKit.swiftmodule/x86_64-apple-macos.swiftmodule /Applications/Xcode.app/Contents/Developer/Toolchains/XcodeDefault.xctoolchain/usr/lib/swift/macosx/prebuilt-modules/26.2/CoreMIDI.swiftmodule/x86_64-apple-macos.swiftmodule /Applications/Xcode.app/Contents/Developer/Toolchains/XcodeDefault.xctoolchain/usr/lib/swift/macosx/prebuilt-modules/26.2/CoreAudio.swiftmodule/x86_64-apple-macos.swiftmodule /Applications/Xcode.app/Contents/Developer/Toolchains/XcodeDefault.xctoolchain/usr/lib/swift/macosx/prebuilt-modules/26.2/os.swiftmodule/x86_64-apple-macos.swiftmodule /Applications/Xcode.app/Contents/Developer/Toolchains/XcodeDefault.xctoolchain/usr/lib/swift/macosx/prebuilt-modules/26.2/SwiftUICore.swiftmodule/x86_64-apple-macos.swiftmodule /Applications/Xcode.app/Contents/Developer/Toolchains/XcodeDefault.xctoolchain/usr/lib/swift/macosx/prebuilt-modules/26.2/_DarwinFoundation2.swiftmodule/x86_64-apple-macos.swiftmodule /Applications/Xcode.app/Contents/Developer/Toolchains/XcodeDefault.xctoolchain/usr/lib/swift/macosx/prebuilt-modules/26.2/QuartzCore.swiftmodule/x86_64-apple-macos.swiftmodule /Applications/Xcode.app/Contents/Developer/Toolchains/XcodeDefault.xctoolchain/usr/lib/swift/macosx/prebuilt-modules/26.2/CoreImage.swiftmodule/x86_64-apple-macos.swiftmodule /Applications/Xcode.app/Contents/Developer/Toolchains/XcodeDefault.xctoolchain/usr/lib/swift/macosx/prebuilt-modules/26.2/UniformTypeIdentifiers.swiftmodule/x86_64-apple-macos.swiftmodule /Users/ivean/Library/Developer/Xcode/DerivedData/ModuleCache.noindex/_Builtin_stdbool-A4RDWIQDMR11EK9JXD872EBC0.pcm /Users/ivean/Library/Developer/Xcode/DerivedData/ModuleCache.noindex/ObjectiveC-9JCD88Q52R7ZNRPUKX0AF53T3.pcm /Users/ivean/Library/Developer/Xcode/DerivedData/ModuleCache.noindex/os_workgroup-F0ESRTQKV5PHOFOJGSHHHAHCQ.pcm /Users/ivean/Library/Developer/Xcode/DerivedData/ModuleCache.noindex/Metal-2MA28FN1PWS08WUX2HGJBRAJ3.pcm /Users/ivean/Library/Developer/Xcode/DerivedData/ModuleCache.noindex/_SwiftConcurrencyShims-61Z0YMK16CZRI9YV72K7FGAHC.pcm /Users/ivean/Library/Developer/Xcode/DerivedData/ModuleCache.noindex/ServiceManagement-DRNJS35NY7T5WD1NLXLOCILVC.pcm /Users/ivean/Library/Developer/Xcode/DerivedData/ModuleCache.noindex/CoreVideo-DZ1H7JNUQ417Z7XH7W0C9MQSB.pcm /Users/ivean/Library/Developer/Xcode/DerivedData/ModuleCache.noindex/CoreText-2A2JOIF5P89QR13MS42Y9AA48.pcm /Users/ivean/Library/Developer/Xcode/DerivedData/ModuleCache.noindex/IOKit-20Y2SPVM3P0423VDJHS7LJWAA.pcm /Users/ivean/Library/Developer/Xcode/DerivedData/ModuleCache.noindex/_Builtin_inttypes-3FK5NP9CXPD6RQO038Z23V9CT.pcm /Users/ivean/Library/Developer/Xcode/DerivedData/ModuleCache.noindex/OpenGL-BT5GAH4JHTABFBVCXRHSR8GZU.pcm /Users/ivean/Library/Developer/Xcode/DerivedData/ModuleCache.noindex/AudioToolbox-E2727NZDFK2E2KEJJBA3T9H4B.pcm /Users/ivean/Library/Developer/Xcode/DerivedData/ModuleCache.noindex/UniformTypeIdentifiers-3VJBBZZ82M5RKQLMX2A5LC00H.pcm /Users/ivean/Library/Developer/Xcode/DerivedData/ModuleCache.noindex/ApplicationServices-4FKOA93RR9VIJB7D6B2KVMU1P.pcm /Users/ivean/Library/Developer/Xcode/DerivedData/ModuleCache.noindex/_Builtin_stdint-AXJYTFG9M1EZUMYMV65ZCWQES.pcm /Users/ivean/Library/Developer/Xcode/DerivedData/ModuleCache.noindex/CoreImage-9H4SAGPNVQ8NUP38PGBQGEKO7.pcm /Users/ivean/Library/Developer/Xcode/DerivedData/ModuleCache.noindex/_DarwinFoundation1-8UYF6VMW2DQCQDSXLVBW96UKB.pcm /Users/ivean/Library/Developer/Xcode/DerivedData/ModuleCache.noindex/MediaToolbox-160C4KWQ6A1FXA8TSZ973XON6.pcm /Users/ivean/Library/Developer/Xcode/DerivedData/ModuleCache.noindex/ImageIO-2K6ZJMRGL3L5WMIRLRYZGKLXY.pcm /Users/ivean/Library/Developer/Xcode/DerivedData/ModuleCache.noindex/_Builtin_float-789FB5A49QPCO5OTXTUU4OGWM.pcm /Users/ivean/Library/Developer/Xcode/DerivedData/ModuleCache.noindex/libDER-9RZUSO12INKYABQCG4X6G2YOF.pcm /Users/ivean/Library/Developer/Xcode/DerivedData/ModuleCache.noindex/_Builtin_tgmath-3BWVZP0MVZO3ITO8IMQN2WDQE.pcm /Users/ivean/Library/Developer/Xcode/DerivedData/ModuleCache.noindex/SwiftShims-2YTGX9I87ZFP7F2Y6YPC9PV7.pcm /Users/ivean/Library/Developer/Xcode/DerivedData/ModuleCache.noindex/AVFAudio-BJ8FHVGO4QKSVT5M4MGZA78TO.pcm /Users/ivean/Library/Developer/Xcode/DerivedData/ModuleCache.noindex/simd-C4PP7AJ1604WFU0HSBXW676C4.pcm /Users/ivean/Library/Developer/Xcode/DerivedData/ModuleCache.noindex/Cocoa-EAXBECQTLT51JK03MWCQWXEC6.pcm /Users/ivean/Library/Developer/Xcode/DerivedData/ModuleCache.noindex/SwiftUICore-ATJRXICICYSR01JZITEQHKYK9.pcm /Users/ivean/Library/Developer/Xcode/DerivedData/ModuleCache.noindex/Accessibility-BKBOZB1TY7Q26GDRKIXCG24P2.pcm /Users/ivean/Library/Developer/Xcode/DerivedData/ModuleCache.noindex/IOSurface-13VZVMK64NJEHH5N8XLIHRCQT.pcm /Users/ivean/Library/Developer/Xcode/DerivedData/ModuleCache.noindex/CoreAudioTypes-51QL3RPQZ7CP9QBFF4L7LSVW5.pcm /Users/ivean/Library/Developer/Xcode/DerivedData/ModuleCache.noindex/Spatial-44KS332EMW5TPE3OWRO4LK1FX.pcm /Users/ivean/Library/Developer/Xcode/DerivedData/ModuleCache.noindex/MachO-7KRRW26875LE42CHO2BCJR983.pcm /Users/ivean/Library/Developer/Xcode/DerivedData/ModuleCache.noindex/DataDetection-4WM0LPYMV2NQRGFQM25OWYSUB.pcm /Users/ivean/Library/Developer/Xcode/DerivedData/ModuleCache.noindex/_AvailabilityInternal-8RUH38D1CVH0XJXONRRZ4CSQD.pcm /Users/ivean/Library/Developer/Xcode/DerivedData/ModuleCache.noindex/OSLog-6TDN839A2FI0NTNITPBG09FYB.pcm /Users/ivean/Library/Developer/Xcode/DerivedData/ModuleCache.noindex/DiskArbitration-EQYBNMTTGIYV1A78U6Z12B9RI.pcm /Users/ivean/Library/Developer/Xcode/DerivedData/ModuleCache.noindex/Carbon-47OPUS1QLISCY3H64CMR30E8K.pcm /Users/ivean/Library/Developer/Xcode/DerivedData/ModuleCache.noindex/os_object-9OAR3W8ONX9DYVN3UTR7RTNDJ.pcm /Users/ivean/Library/Developer/Xcode/DerivedData/ModuleCache.noindex/AVFoundation-5M8W1Z3MCCKUIF8N1UT8FNDNY.pcm /Users/ivean/Library/Developer/Xcode/DerivedData/ModuleCache.noindex/Foundation-DMCKNXO34O5XKPWPVYJ0FR64Q.pcm /Users/ivean/Library/Developer/Xcode/DerivedData/ModuleCache.noindex/CoreFoundation-BUW6FSES1WKZ6NBU7H90QP20N.pcm /Users/ivean/Library/Developer/Xcode/DerivedData/ModuleCache.noindex/_Builtin_stdatomic-7M15RDXFR3GPSK4P8E82RJ051.pcm /Users/ivean/Library/Developer/Xcode/DerivedData/ModuleCache.noindex/sys_types-ANE68WW23FWDD66LQDPQOP3J0.pcm /Users/ivean/Library/Developer/Xcode/DerivedData/ModuleCache.noindex/_DarwinFoundation2-1Z3PI6T8872BAQJPYH3R63S73.pcm /Users/ivean/Library/Developer/Xcode/DerivedData/ModuleCache.noindex/_Builtin_stdarg-16L09WHUZT7ZUQA6AW0ZAYVUV.pcm /Users/ivean/Library/Developer/Xcode/DerivedData/ModuleCache.noindex/ColorSync-EBW5CKLWFJV39FIXIB1HGBIT6.pcm /Users/ivean/Library/Developer/Xcode/DerivedData/ModuleCache.noindex/Security-DCIGBPG7RICSD933RW7CC2DZ3.pcm /Users/ivean/Library/Developer/Xcode/DerivedData/ModuleCache.noindex/Darwin-483OUKV88RBB2BXMTHP854N34.pcm /Users/ivean/Library/Developer/Xcode/DerivedData/ModuleCache.noindex/CoreMedia-D1D5F3W9FO6P25ZN6S423SCPT.pcm /Users/ivean/Library/Developer/Xcode/DerivedData/ModuleCache.noindex/CoreGraphics-8CC8ZSD1IQKYGJL0UXAS1YOSY.pcm /Users/ivean/Library/Developer/Xcode/DerivedData/ModuleCache.noindex/CoreAudio-12GMKSQMFFTGAK0UFACWUV0XW.pcm /Users/ivean/Library/Developer/Xcode/DerivedData/ModuleCache.noindex/SwiftUI-EGFVXOAJ7GNEUUY3QYCNEW5BT.pcm /Users/ivean/Library/Developer/Xcode/DerivedData/ModuleCache.noindex/_Builtin_stddef-DT3651TR0YYS49CWBY600SG5Z.pcm /Users/ivean/Library/Developer/Xcode/DerivedData/ModuleCache.noindex/AppKit-5VZZR29KVJPXP9NCS9JN8I9JS.pcm /Users/ivean/Library/Developer/Xcode/DerivedData/ModuleCache.noindex/CFNetwork-8RO4KS5UOZJX1RBB04YUJHFLY.pcm /Users/ivean/Library/Developer/Xcode/DerivedData/ModuleCache.noindex/CoreServices-7B0MWWR4O7P0WUUM62332YZOF.pcm /Users/ivean/Library/Developer/Xcode/DerivedData/ModuleCache.noindex/Symbols-C8ZBHATGD5WAV90JW3EG44TVH.pcm /Users/ivean/Library/Developer/Xcode/DerivedData/ModuleCache.noindex/QuartzCore-6B3MNXBUYRIBG19XKJG4P80LB.pcm /Users/ivean/Library/Developer/Xcode/DerivedData/ModuleCache.noindex/CUPS-5PD9DQ1ZEYUDDO08RQFQ2JGX9.pcm /Users/ivean/Library/Developer/Xcode/DerivedData/ModuleCache.noindex/_Builtin_intrinsics-V8CRHRJKU94RY1Q8XM3V7GRH.pcm /Users/ivean/Library/Developer/Xcode/DerivedData/ModuleCache.noindex/Dispatch-E2TK18FAE7GPH6IB3S8FYKUP0.pcm /Users/ivean/Library/Developer/Xcode/DerivedData/ModuleCache.noindex/XPC-4OZT5BIFDNTSQYU412SNOERI5.pcm /Users/ivean/Library/Developer/Xcode/DerivedData/ModuleCache.noindex/launch-55Q8E3A1ARFAP9860JIS01ZVW.pcm /Users/ivean/Library/Developer/Xcode/DerivedData/ModuleCache.noindex/CoreTransferable-56Y7FK4OWA9FFZU5HE6G0EYXF.pcm /Users/ivean/Library/Developer/Xcode/DerivedData/ModuleCache.noindex/_Builtin_limits-4BT9QTN0BVO9L7WODK7UEK0KU.pcm /Users/ivean/Library/Developer/Xcode/DerivedData/ModuleCache.noindex/_DarwinFoundation3-7O8A8B1ZSVMZ9DULHO7VCY68.pcm /Users/ivean/Library/Developer/Xcode/DerivedData/ModuleCache.noindex/libkern-4QMVOKL2NDPVQBJRYAQD0HIH2.pcm /Users/ivean/Library/Developer/Xcode/DerivedData/ModuleCache.noindex/DeveloperToolsSupport-2GOZIYNHS59ZU3WRLWIOVCY4C.pcm /Users/ivean/Library/Developer/Xcode/DerivedData/ModuleCache.noindex/ptrcheck-F43IJLU79PCKW9GVJUNXK2QP7.pcm /Users/ivean/Library/Developer/Xcode/DerivedData/ModuleCache.noindex/ptrauth-7IXL6QKANXQ72E3FU9IZU6LB6.pcm /Users/ivean/Library/Developer/Xcode/DerivedData/ModuleCache.noindex/ScreenCaptureKit-7D029RWOVTUKNU66LKXTFPGJZ.pcm /Users/ivean/Library/Developer/Xcode/DerivedData/ModuleCache.noindex/CoreData-5KAGBD2AM5N1EGM6E87A6JGR0.pcm /Users/ivean/Library/Developer/Xcode/DerivedData/ModuleCache.noindex/CoreMIDI-AAUXA2PSC1PUEK9WXKDOTYM06.pcm /Users/ivean/Library/Developer/Xcode/DerivedData/ModuleCache.noindex/os-9KKHRZA261TMLN8538DBK3044.pcm /Users/ivean/Library/Developer/Xcode/DerivedData/DockMinimize-butboltxyivsradwxfexqksgjlss/Build/Intermediates.noindex/DockMinimize.build/Release/DockMinimize.build/Objects-normal/x86_64/DockMinimize-dependencies-1.json (in target 'DockMinimize' from project 'DockMinimize')

CompileSwift normal x86_64 (in target 'DockMinimize' from project 'DockMinimize')
    cd /Users/ivean/Documents/软件安装/我的扩展/DockMinimize/DockMinimize
    
/Users/ivean/Documents/软件安装/我的扩展/DockMinimize/DockMinimize/DockEventMonitor.swift:256:54: error: cannot find 'bundleId' in scope
                            if !hasVisibleWindows && bundleId != "com.apple.finder" {
                                                     ^~~~~~~~
/Users/ivean/Documents/软件安装/我的扩展/DockMinimize/DockMinimize/DockEventMonitor.swift:267:39: error: cannot find 'isAlreadyActive' in scope
                        let action = (isAlreadyActive || isFinder) ? "toggle" : "activate"
                                      ^~~~~~~~~~~~~~~
/Users/ivean/Documents/软件安装/我的扩展/DockMinimize/DockMinimize/DockEventMonitor.swift:267:58: error: cannot find 'isFinder' in scope
                        let action = (isAlreadyActive || isFinder) ? "toggle" : "activate"
                                                         ^~~~~~~~
/Users/ivean/Documents/软件安装/我的扩展/DockMinimize/DockMinimize/WindowManager.swift:128:13: warning: immutable value 'intended' was never used; consider replacing with '_' or removing it
        let intended: Bool
            ^~~~~~~~
            _
/Users/ivean/Documents/软件安装/我的扩展/DockMinimize/DockMinimize/PreviewBarController.swift:72:17: warning: initialization of immutable value 'screenHeight' was never used; consider replacing with assignment to '_' or removing it
            let screenHeight = NSScreen.main?.frame.height ?? 800
            ~~~~^~~~~~~~~~~~
            _

Failed frontend command:
/Applications/Xcode.app/Contents/Developer/Toolchains/XcodeDefault.xctoolchain/usr/bin/swift-frontend -frontend -c /Users/ivean/Documents/软件安装/我的扩展/DockMinimize/DockMinimize/DockMinimizeApp.swift /Users/ivean/Documents/软件安装/我的扩展/DockMinimize/DockMinimize/AppDelegate.swift /Users/ivean/Documents/软件安装/我的扩展/DockMinimize/DockMinimize/MenuBarController.swift /Users/ivean/Documents/软件安装/我的扩展/DockMinimize/DockMinimize/AccessibilityManager.swift /Users/ivean/Documents/软件安装/我的扩展/DockMinimize/DockMinimize/DockEventMonitor.swift /Users/ivean/Documents/软件安装/我的扩展/DockMinimize/DockMinimize/WindowManager.swift /Users/ivean/Documents/软件安装/我的扩展/DockMinimize/DockMinimize/SettingsManager.swift /Users/ivean/Documents/软件安装/我的扩展/DockMinimize/DockMinimize/SettingsView.swift /Users/ivean/Documents/软件安装/我的扩展/DockMinimize/DockMinimize/DebugLogger.swift /Users/ivean/Documents/软件安装/我的扩展/DockMinimize/DockMinimize/ScreenCaptureManager.swift /Users/ivean/Documents/软件安装/我的扩展/DockMinimize/DockMinimize/WindowThumbnailService.swift /Users/ivean/Documents/软件安装/我的扩展/DockMinimize/DockMinimize/HoverEventMonitor.swift /Users/ivean/Documents/软件安装/我的扩展/DockMinimize/DockMinimize/PreviewStateManager.swift /Users/ivean/Documents/软件安装/我的扩展/DockMinimize/DockMinimize/ThumbnailCardView.swift /Users/ivean/Documents/软件安装/我的扩展/DockMinimize/DockMinimize/PreviewBarView.swift /Users/ivean/Documents/软件安装/我的扩展/DockMinimize/DockMinimize/PreviewBarController.swift /Users/ivean/Documents/软件安装/我的扩展/DockMinimize/DockMinimize/PrivateApis.swift /Users/ivean/Documents/软件安装/我的扩展/DockMinimize/DockMinimize/LargePreviewView.swift /Users/ivean/Documents/软件安装/我的扩展/DockMinimize/DockMinimize/CacheManager.swift /Users/ivean/Library/Developer/Xcode/DerivedData/DockMinimize-butboltxyivsradwxfexqksgjlss/Build/Intermediates.noindex/DockMinimize.build/Release/DockMinimize.build/DerivedSources/GeneratedAssetSymbols.swift -supplementary-output-file-map /Users/ivean/Library/Developer/Xcode/DerivedData/DockMinimize-butboltxyivsradwxfexqksgjlss/Build/Intermediates.noindex/DockMinimize.build/Release/DockMinimize.build/Objects-normal/x86_64/supplementaryOutputs-1 -emit-localized-strings -emit-localized-strings-path /Users/ivean/Library/Developer/Xcode/DerivedData/DockMinimize-butboltxyivsradwxfexqksgjlss/Build/Intermediates.noindex/DockMinimize.build/Release/DockMinimize.build/Objects-normal/x86_64 -target x86_64-apple-macos13.0 -module-can-import-version AppKit 2685.30.107 2685.30.107 -module-can-import-version DeveloperToolsSupport 23.0.4 23.0.4 -module-can-import-version SwiftUI 7.2.5.1 7.2.5 -load-resolved-plugin /Applications/Xcode.app/Contents/Developer/Platforms/MacOSX.platform/Developer/usr/lib/swift/host/plugins/libFoundationMacros.dylib\#/Applications/Xcode.app/Contents/Developer/Platforms/MacOSX.platform/Developer/usr/bin/swift-plugin-server\#FoundationMacros -load-resolved-plugin /Applications/Xcode.app/Contents/Developer/Platforms/MacOSX.platform/Developer/usr/lib/swift/host/plugins/libObservationMacros.dylib\#/Applications/Xcode.app/Contents/Developer/Platforms/MacOSX.platform/Developer/usr/bin/swift-plugin-server\#ObservationMacros -load-resolved-plugin /Applications/Xcode.app/Contents/Developer/Platforms/MacOSX.platform/Developer/usr/lib/swift/host/plugins/libPreviewsMacros.dylib\#/Applications/Xcode.app/Contents/Developer/Platforms/MacOSX.platform/Developer/usr/bin/swift-plugin-server\#PreviewsMacros -load-resolved-plugin /Applications/Xcode.app/Contents/Developer/Platforms/MacOSX.platform/Developer/usr/lib/swift/host/plugins/libSwiftMacros.dylib\#/Applications/Xcode.app/Contents/Developer/Platforms/MacOSX.platform/Developer/usr/bin/swift-plugin-server\#SwiftMacros -load-resolved-plugin /Applications/Xcode.app/Contents/Developer/Platforms/MacOSX.platform/Developer/usr/lib/swift/host/plugins/libSwiftUIMacros.dylib\#/Applications/Xcode.app/Contents/Developer/Platforms/MacOSX.platform/Developer/usr/bin/swift-plugin-server\#SwiftUIMacros -disable-implicit-swift-modules -Xcc -fno-implicit-modules -Xcc -fno-implicit-module-maps -explicit-swift-module-map-file /Users/ivean/Library/Developer/Xcode/DerivedData/DockMinimize-butboltxyivsradwxfexqksgjlss/Build/Intermediates.noindex/DockMinimize.build/Release/DockMinimize.build/Objects-normal/x86_64/DockMinimize-dependencies-1.json -enable-objc-interop -stack-check -sdk /Applications/Xcode.app/Contents/Developer/Platforms/MacOSX.platform/Developer/SDKs/MacOSX26.2.sdk -I /Users/ivean/Library/Developer/Xcode/DerivedData/DockMinimize-butboltxyivsradwxfexqksgjlss/Build/Products/Release -F /Users/ivean/Library/Developer/Xcode/DerivedData/DockMinimize-butboltxyivsradwxfexqksgjlss/Build/Products/Release -no-color-diagnostics -Xcc -fno-color-diagnostics -g -debug-info-format\=dwarf -dwarf-version\=4 -module-cache-path /Users/ivean/Library/Developer/Xcode/DerivedData/DockMinimize-butboltxyivsradwxfexqksgjlss/Build/Intermediates.noindex/SwiftExplicitPrecompiledModules -swift-version 5 -enforce-exclusivity\=checked -O -serialize-debugging-options -const-gather-protocols-file /Users/ivean/Library/Developer/Xcode/DerivedData/DockMinimize-butboltxyivsradwxfexqksgjlss/Build/Intermediates.noindex/DockMinimize.build/Release/DockMinimize.build/Objects-normal/x86_64/DockMinimize_const_extract_protocols.json -enable-experimental-feature DebugDescriptionMacro -enable-bare-slash-regex -empty-abi-descriptor -validate-clang-modules-once -clang-build-session-file /Users/ivean/Library/Developer/Xcode/DerivedData/ModuleCache.noindex/Session.modulevalidation -Xcc -working-directory -Xcc /Users/ivean/Documents/软件安装/我的扩展/DockMinimize/DockMinimize -file-compilation-dir /Users/ivean/Documents/软件安装/我的扩展/DockMinimize/DockMinimize -Xcc -ivfsstatcache -Xcc /Users/ivean/Library/Developer/Xcode/DerivedData/SDKStatCaches.noindex/macosx26.2-25C57-00fa09913b459cbbc988d1f6730289ae.sdkstatcache -Xcc -I/Users/ivean/Library/Developer/Xcode/DerivedData/DockMinimize-butboltxyivsradwxfexqksgjlss/Build/Intermediates.noindex/DockMinimize.build/Release/DockMinimize.build/swift-overrides.hmap -Xcc -iquote -Xcc /Users/ivean/Library/Developer/Xcode/DerivedData/DockMinimize-butboltxyivsradwxfexqksgjlss/Build/Intermediates.noindex/DockMinimize.build/Release/DockMinimize.build/DockMinimize-generated-files.hmap -Xcc -I/Users/ivean/Library/Developer/Xcode/DerivedData/DockMinimize-butboltxyivsradwxfexqksgjlss/Build/Intermediates.noindex/DockMinimize.build/Release/DockMinimize.build/DockMinimize-own-target-headers.hmap -Xcc -I/Users/ivean/Library/Developer/Xcode/DerivedData/DockMinimize-butboltxyivsradwxfexqksgjlss/Build/Intermediates.noindex/DockMinimize.build/Release/DockMinimize.build/DockMinimize-all-target-headers.hmap -Xcc -iquote -Xcc /Users/ivean/Library/Developer/Xcode/DerivedData/DockMinimize-butboltxyivsradwxfexqksgjlss/Build/Intermediates.noindex/DockMinimize.build/Release/DockMinimize.build/DockMinimize-project-headers.hmap -Xcc -I/Users/ivean/Library/Developer/Xcode/DerivedData/DockMinimize-butboltxyivsradwxfexqksgjlss/Build/Products/Release/include -Xcc -I/Users/ivean/Library/Developer/Xcode/DerivedData/DockMinimize-butboltxyivsradwxfexqksgjlss/Build/Intermediates.noindex/DockMinimize.build/Release/DockMinimize.build/DerivedSources-normal/x86_64 -Xcc -I/Users/ivean/Library/Developer/Xcode/DerivedData/DockMinimize-butboltxyivsradwxfexqksgjlss/Build/Intermediates.noindex/DockMinimize.build/Release/DockMinimize.build/DerivedSources/x86_64 -Xcc -I/Users/ivean/Library/Developer/Xcode/DerivedData/DockMinimize-butboltxyivsradwxfexqksgjlss/Build/Intermediates.noindex/DockMinimize.build/Release/DockMinimize.build/DerivedSources -no-auto-bridging-header-chaining -module-name DockMinimize -frontend-parseable-output -disable-clang-spi -target-sdk-version 26.2 -target-sdk-name macosx26.2 -clang-target x86_64-apple-macos26.2 -in-process-plugin-server-path /Applications/Xcode.app/Contents/Developer/Toolchains/XcodeDefault.xctoolchain/usr/lib/swift/host/libSwiftInProcPluginServer.dylib -enable-default-cmo -num-threads 12 -o /Users/ivean/Library/Developer/Xcode/DerivedData/DockMinimize-butboltxyivsradwxfexqksgjlss/Build/Intermediates.noindex/DockMinimize.build/Release/DockMinimize.build/Objects-normal/x86_64/DockMinimizeApp.o -o /Users/ivean/Library/Developer/Xcode/DerivedData/DockMinimize-butboltxyivsradwxfexqksgjlss/Build/Intermediates.noindex/DockMinimize.build/Release/DockMinimize.build/Objects-normal/x86_64/AppDelegate.o -o /Users/ivean/Library/Developer/Xcode/DerivedData/DockMinimize-butboltxyivsradwxfexqksgjlss/Build/Intermediates.noindex/DockMinimize.build/Release/DockMinimize.build/Objects-normal/x86_64/MenuBarController.o -o /Users/ivean/Library/Developer/Xcode/DerivedData/DockMinimize-butboltxyivsradwxfexqksgjlss/Build/Intermediates.noindex/DockMinimize.build/Release/DockMinimize.build/Objects-normal/x86_64/AccessibilityManager.o -o /Users/ivean/Library/Developer/Xcode/DerivedData/DockMinimize-butboltxyivsradwxfexqksgjlss/Build/Intermediates.noindex/DockMinimize.build/Release/DockMinimize.build/Objects-normal/x86_64/DockEventMonitor.o -o /Users/ivean/Library/Developer/Xcode/DerivedData/DockMinimize-butboltxyivsradwxfexqksgjlss/Build/Intermediates.noindex/DockMinimize.build/Release/DockMinimize.build/Objects-normal/x86_64/WindowManager.o -o /Users/ivean/Library/Developer/Xcode/DerivedData/DockMinimize-butboltxyivsradwxfexqksgjlss/Build/Intermediates.noindex/DockMinimize.build/Release/DockMinimize.build/Objects-normal/x86_64/SettingsManager.o -o /Users/ivean/Library/Developer/Xcode/DerivedData/DockMinimize-butboltxyivsradwxfexqksgjlss/Build/Intermediates.noindex/DockMinimize.build/Release/DockMinimize.build/Objects-normal/x86_64/SettingsView.o -o /Users/ivean/Library/Developer/Xcode/DerivedData/DockMinimize-butboltxyivsradwxfexqksgjlss/Build/Intermediates.noindex/DockMinimize.build/Release/DockMinimize.build/Objects-normal/x86_64/DebugLogger.o -o /Users/ivean/Library/Developer/Xcode/DerivedData/DockMinimize-butboltxyivsradwxfexqksgjlss/Build/Intermediates.noindex/DockMinimize.build/Release/DockMinimize.build/Objects-normal/x86_64/ScreenCaptureManager.o -o /Users/ivean/Library/Developer/Xcode/DerivedData/DockMinimize-butboltxyivsradwxfexqksgjlss/Build/Intermediates.noindex/DockMinimize.build/Release/DockMinimize.build/Objects-normal/x86_64/WindowThumbnailService.o -o /Users/ivean/Library/Developer/Xcode/DerivedData/DockMinimize-butboltxyivsradwxfexqksgjlss/Build/Intermediates.noindex/DockMinimize.build/Release/DockMinimize.build/Objects-normal/x86_64/HoverEventMonitor.o -o /Users/ivean/Library/Developer/Xcode/DerivedData/DockMinimize-butboltxyivsradwxfexqksgjlss/Build/Intermediates.noindex/DockMinimize.build/Release/DockMinimize.build/Objects-normal/x86_64/PreviewStateManager.o -o /Users/ivean/Library/Developer/Xcode/DerivedData/DockMinimize-butboltxyivsradwxfexqksgjlss/Build/Intermediates.noindex/DockMinimize.build/Release/DockMinimize.build/Objects-normal/x86_64/ThumbnailCardView.o -o /Users/ivean/Library/Developer/Xcode/DerivedData/DockMinimize-butboltxyivsradwxfexqksgjlss/Build/Intermediates.noindex/DockMinimize.build/Release/DockMinimize.build/Objects-normal/x86_64/PreviewBarView.o -o /Users/ivean/Library/Developer/Xcode/DerivedData/DockMinimize-butboltxyivsradwxfexqksgjlss/Build/Intermediates.noindex/DockMinimize.build/Release/DockMinimize.build/Objects-normal/x86_64/PreviewBarController.o -o /Users/ivean/Library/Developer/Xcode/DerivedData/DockMinimize-butboltxyivsradwxfexqksgjlss/Build/Intermediates.noindex/DockMinimize.build/Release/DockMinimize.build/Objects-normal/x86_64/PrivateApis.o -o /Users/ivean/Library/Developer/Xcode/DerivedData/DockMinimize-butboltxyivsradwxfexqksgjlss/Build/Intermediates.noindex/DockMinimize.build/Release/DockMinimize.build/Objects-normal/x86_64/LargePreviewView.o -o /Users/ivean/Library/Developer/Xcode/DerivedData/DockMinimize-butboltxyivsradwxfexqksgjlss/Build/Intermediates.noindex/DockMinimize.build/Release/DockMinimize.build/Objects-normal/x86_64/CacheManager.o -o /Users/ivean/Library/Developer/Xcode/DerivedData/DockMinimize-butboltxyivsradwxfexqksgjlss/Build/Intermediates.noindex/DockMinimize.build/Release/DockMinimize.build/Objects-normal/x86_64/GeneratedAssetSymbols.o -index-unit-output-path /DockMinimize.build/Release/DockMinimize.build/Objects-normal/x86_64/DockMinimizeApp.o -index-unit-output-path /DockMinimize.build/Release/DockMinimize.build/Objects-normal/x86_64/AppDelegate.o -index-unit-output-path /DockMinimize.build/Release/DockMinimize.build/Objects-normal/x86_64/MenuBarController.o -index-unit-output-path /DockMinimize.build/Release/DockMinimize.build/Objects-normal/x86_64/AccessibilityManager.o -index-unit-output-path /DockMinimize.build/Release/DockMinimize.build/Objects-normal/x86_64/DockEventMonitor.o -index-unit-output-path /DockMinimize.build/Release/DockMinimize.build/Objects-normal/x86_64/WindowManager.o -index-unit-output-path /DockMinimize.build/Release/DockMinimize.build/Objects-normal/x86_64/SettingsManager.o -index-unit-output-path /DockMinimize.build/Release/DockMinimize.build/Objects-normal/x86_64/SettingsView.o -index-unit-output-path /DockMinimize.build/Release/DockMinimize.build/Objects-normal/x86_64/DebugLogger.o -index-unit-output-path /DockMinimize.build/Release/DockMinimize.build/Objects-normal/x86_64/ScreenCaptureManager.o -index-unit-output-path /DockMinimize.build/Release/DockMinimize.build/Objects-normal/x86_64/WindowThumbnailService.o -index-unit-output-path /DockMinimize.build/Release/DockMinimize.build/Objects-normal/x86_64/HoverEventMonitor.o -index-unit-output-path /DockMinimize.build/Release/DockMinimize.build/Objects-normal/x86_64/PreviewStateManager.o -index-unit-output-path /DockMinimize.build/Release/DockMinimize.build/Objects-normal/x86_64/ThumbnailCardView.o -index-unit-output-path /DockMinimize.build/Release/DockMinimize.build/Objects-normal/x86_64/PreviewBarView.o -index-unit-output-path /DockMinimize.build/Release/DockMinimize.build/Objects-normal/x86_64/PreviewBarController.o -index-unit-output-path /DockMinimize.build/Release/DockMinimize.build/Objects-normal/x86_64/PrivateApis.o -index-unit-output-path /DockMinimize.build/Release/DockMinimize.build/Objects-normal/x86_64/LargePreviewView.o -index-unit-output-path /DockMinimize.build/Release/DockMinimize.build/Objects-normal/x86_64/CacheManager.o -index-unit-output-path /DockMinimize.build/Release/DockMinimize.build/Objects-normal/x86_64/GeneratedAssetSymbols.o
SwiftCompile normal arm64 Compiling\ DockMinimizeApp.swift,\ AppDelegate.swift,\ MenuBarController.swift,\ AccessibilityManager.swift,\ DockEventMonitor.swift,\ WindowManager.swift,\ SettingsManager.swift,\ SettingsView.swift,\ DebugLogger.swift,\ ScreenCaptureManager.swift,\ WindowThumbnailService.swift,\ HoverEventMonitor.swift,\ PreviewStateManager.swift,\ ThumbnailCardView.swift,\ PreviewBarView.swift,\ PreviewBarController.swift,\ PrivateApis.swift,\ LargePreviewView.swift,\ CacheManager.swift,\ GeneratedAssetSymbols.swift /Users/ivean/Documents/软件安装/我的扩展/DockMinimize/DockMinimize/DockMinimizeApp.swift /Users/ivean/Documents/软件安装/我的扩展/DockMinimize/DockMinimize/AppDelegate.swift /Users/ivean/Documents/软件安装/我的扩展/DockMinimize/DockMinimize/MenuBarController.swift /Users/ivean/Documents/软件安装/我的扩展/DockMinimize/DockMinimize/AccessibilityManager.swift /Users/ivean/Documents/软件安装/我的扩展/DockMinimize/DockMinimize/DockEventMonitor.swift /Users/ivean/Documents/软件安装/我的扩展/DockMinimize/DockMinimize/WindowManager.swift /Users/ivean/Documents/软件安装/我的扩展/DockMinimize/DockMinimize/SettingsManager.swift /Users/ivean/Documents/软件安装/我的扩展/DockMinimize/DockMinimize/SettingsView.swift /Users/ivean/Documents/软件安装/我的扩展/DockMinimize/DockMinimize/DebugLogger.swift /Users/ivean/Documents/软件安装/我的扩展/DockMinimize/DockMinimize/ScreenCaptureManager.swift /Users/ivean/Documents/软件安装/我的扩展/DockMinimize/DockMinimize/WindowThumbnailService.swift /Users/ivean/Documents/软件安装/我的扩展/DockMinimize/DockMinimize/HoverEventMonitor.swift /Users/ivean/Documents/软件安装/我的扩展/DockMinimize/DockMinimize/PreviewStateManager.swift /Users/ivean/Documents/软件安装/我的扩展/DockMinimize/DockMinimize/ThumbnailCardView.swift /Users/ivean/Documents/软件安装/我的扩展/DockMinimize/DockMinimize/PreviewBarView.swift /Users/ivean/Documents/软件安装/我的扩展/DockMinimize/DockMinimize/PreviewBarController.swift /Users/ivean/Documents/软件安装/我的扩展/DockMinimize/DockMinimize/PrivateApis.swift /Users/ivean/Documents/软件安装/我的扩展/DockMinimize/DockMinimize/LargePreviewView.swift /Users/ivean/Documents/软件安装/我的扩展/DockMinimize/DockMinimize/CacheManager.swift /Users/ivean/Library/Developer/Xcode/DerivedData/DockMinimize-butboltxyivsradwxfexqksgjlss/Build/Intermediates.noindex/DockMinimize.build/Release/DockMinimize.build/DerivedSources/GeneratedAssetSymbols.swift /Applications/Xcode.app/Contents/Developer/Toolchains/XcodeDefault.xctoolchain/usr/lib/swift/macosx/prebuilt-modules/26.2/CoreVideo.swiftmodule/arm64e-apple-macos.swiftmodule /Applications/Xcode.app/Contents/Developer/Toolchains/XcodeDefault.xctoolchain/usr/lib/swift/macosx/prebuilt-modules/26.2/simd.swiftmodule/arm64e-apple-macos.swiftmodule /Applications/Xcode.app/Contents/Developer/Toolchains/XcodeDefault.xctoolchain/usr/lib/swift/macosx/prebuilt-modules/26.2/Dispatch.swiftmodule/arm64e-apple-macos.swiftmodule /Applications/Xcode.app/Contents/Developer/Toolchains/XcodeDefault.xctoolchain/usr/lib/swift/macosx/prebuilt-modules/26.2/CoreMIDI.swiftmodule/arm64e-apple-macos.swiftmodule /Applications/Xcode.app/Contents/Developer/Toolchains/XcodeDefault.xctoolchain/usr/lib/swift/macosx/prebuilt-modules/26.2/CoreAudio.swiftmodule/arm64e-apple-macos.swiftmodule /Applications/Xcode.app/Contents/Developer/Toolchains/XcodeDefault.xctoolchain/usr/lib/swift/macosx/prebuilt-modules/26.2/Accessibility.swiftmodule/arm64e-apple-macos.swiftmodule /Applications/Xcode.app/Contents/Developer/Toolchains/XcodeDefault.xctoolchain/usr/lib/swift/macosx/prebuilt-modules/26.2/DeveloperToolsSupport.swiftmodule/arm64e-apple-macos.swiftmodule /Applications/Xcode.app/Contents/Developer/Toolchains/XcodeDefault.xctoolchain/usr/lib/swift/macosx/prebuilt-modules/26.2/_DarwinFoundation3.swiftmodule/arm64e-apple-macos.swiftmodule /Applications/Xcode.app/Contents/Developer/Toolchains/XcodeDefault.xctoolchain/usr/lib/swift/macosx/prebuilt-modules/26.2/Metal.swiftmodule/arm64e-apple-macos.swiftmodule /Applications/Xcode.app/Contents/Developer/Toolchains/XcodeDefault.xctoolchain/usr/lib/swift/macosx/prebuilt-modules/26.2/Observation.swiftmodule/arm64e-apple-macos.swiftmodule /Applications/Xcode.app/Contents/Developer/Toolchains/XcodeDefault.xctoolchain/usr/lib/swift/macosx/prebuilt-modules/26.2/Synchronization.swiftmodule/arm64e-apple-macos.swiftmodule /Applications/Xcode.app/Contents/Developer/Toolchains/XcodeDefault.xctoolchain/usr/lib/swift/macosx/prebuilt-modules/26.2/CoreGraphics.swiftmodule/arm64e-apple-macos.swiftmodule /Applications/Xcode.app/Contents/Developer/Toolchains/XcodeDefault.xctoolchain/usr/lib/swift/macosx/prebuilt-modules/26.2/DataDetection.swiftmodule/arm64e-apple-macos.swiftmodule /Applications/Xcode.app/Contents/Developer/Toolchains/XcodeDefault.xctoolchain/usr/lib/swift/macosx/prebuilt-modules/26.2/_Builtin_float.swiftmodule/arm64e-apple-macos.swiftmodule /Applications/Xcode.app/Contents/Developer/Toolchains/XcodeDefault.xctoolchain/usr/lib/swift/macosx/prebuilt-modules/26.2/AVFAudio.swiftmodule/arm64e-apple-macos.swiftmodule /Applications/Xcode.app/Contents/Developer/Toolchains/XcodeDefault.xctoolchain/usr/lib/swift/macosx/prebuilt-modules/26.2/SwiftUICore.swiftmodule/arm64e-apple-macos.swiftmodule /Applications/Xcode.app/Contents/Developer/Toolchains/XcodeDefault.xctoolchain/usr/lib/swift/macosx/prebuilt-modules/26.2/ObjectiveC.swiftmodule/arm64e-apple-macos.swiftmodule /Applications/Xcode.app/Contents/Developer/Toolchains/XcodeDefault.xctoolchain/usr/lib/swift/macosx/prebuilt-modules/26.2/_DarwinFoundation1.swiftmodule/arm64e-apple-macos.swiftmodule /Applications/Xcode.app/Contents/Developer/Toolchains/XcodeDefault.xctoolchain/usr/lib/swift/macosx/prebuilt-modules/26.2/_DarwinFoundation2.swiftmodule/arm64e-apple-macos.swiftmodule /Applications/Xcode.app/Contents/Developer/Toolchains/XcodeDefault.xctoolchain/usr/lib/swift/macosx/prebuilt-modules/26.2/UniformTypeIdentifiers.swiftmodule/arm64e-apple-macos.swiftmodule /Applications/Xcode.app/Contents/Developer/Toolchains/XcodeDefault.xctoolchain/usr/lib/swift/macosx/prebuilt-modules/26.2/AVFoundation.swiftmodule/arm64e-apple-macos.swiftmodule /Applications/Xcode.app/Contents/Developer/Toolchains/XcodeDefault.xctoolchain/usr/lib/swift/macosx/prebuilt-modules/26.2/IOKit.swiftmodule/arm64e-apple-macos.swiftmodule /Applications/Xcode.app/Contents/Developer/Toolchains/XcodeDefault.xctoolchain/usr/lib/swift/macosx/prebuilt-modules/26.2/XPC.swiftmodule/arm64e-apple-macos.swiftmodule /Applications/Xcode.app/Contents/Developer/Toolchains/XcodeDefault.xctoolchain/usr/lib/swift/macosx/prebuilt-modules/26.2/Swift.swiftmodule/arm64e-apple-macos.swiftmodule /Applications/Xcode.app/Contents/Developer/Toolchains/XcodeDefault.xctoolchain/usr/lib/swift/macosx/prebuilt-modules/26.2/os.swiftmodule/arm64e-apple-macos.swiftmodule /Applications/Xcode.app/Contents/Developer/Toolchains/XcodeDefault.xctoolchain/usr/lib/swift/macosx/prebuilt-modules/26.2/CoreImage.swiftmodule/arm64e-apple-macos.swiftmodule /Applications/Xcode.app/Contents/Developer/Toolchains/XcodeDefault.xctoolchain/usr/lib/swift/macosx/prebuilt-modules/26.2/AppKit.swiftmodule/arm64e-apple-macos.swiftmodule /Applications/Xcode.app/Contents/Developer/Toolchains/XcodeDefault.xctoolchain/usr/lib/swift/macosx/prebuilt-modules/26.2/Darwin.swiftmodule/arm64e-apple-macos.swiftmodule /Applications/Xcode.app/Contents/Developer/Toolchains/XcodeDefault.xctoolchain/usr/lib/swift/macosx/prebuilt-modules/26.2/Symbols.swiftmodule/arm64e-apple-macos.swiftmodule /Applications/Xcode.app/Contents/Developer/Toolchains/XcodeDefault.xctoolchain/usr/lib/swift/macosx/prebuilt-modules/26.2/QuartzCore.swiftmodule/arm64e-apple-macos.swiftmodule /Applications/Xcode.app/Contents/Developer/Toolchains/XcodeDefault.xctoolchain/usr/lib/swift/macosx/prebuilt-modules/26.2/_StringProcessing.swiftmodule/arm64e-apple-macos.swiftmodule /Applications/Xcode.app/Contents/Developer/Toolchains/XcodeDefault.xctoolchain/usr/lib/swift/macosx/prebuilt-modules/26.2/ScreenCaptureKit.swiftmodule/arm64e-apple-macos.swiftmodule /Applications/Xcode.app/Contents/Developer/Toolchains/XcodeDefault.xctoolchain/usr/lib/swift/macosx/prebuilt-modules/26.2/System.swiftmodule/arm64e-apple-macos.swiftmodule /Applications/Xcode.app/Contents/Developer/Toolchains/XcodeDefault.xctoolchain/usr/lib/swift/macosx/prebuilt-modules/26.2/CoreTransferable.swiftmodule/arm64e-apple-macos.swiftmodule /Applications/Xcode.app/Contents/Developer/Toolchains/XcodeDefault.xctoolchain/usr/lib/swift/macosx/prebuilt-modules/26.2/_Concurrency.swiftmodule/arm64e-apple-macos.swiftmodule /Applications/Xcode.app/Contents/Developer/Toolchains/XcodeDefault.xctoolchain/usr/lib/swift/macosx/prebuilt-modules/26.2/Foundation.swiftmodule/arm64e-apple-macos.swiftmodule /Applications/Xcode.app/Contents/Developer/Toolchains/XcodeDefault.xctoolchain/usr/lib/swift/macosx/prebuilt-modules/26.2/Spatial.swiftmodule/arm64e-apple-macos.swiftmodule /Applications/Xcode.app/Contents/Developer/Toolchains/XcodeDefault.xctoolchain/usr/lib/swift/macosx/prebuilt-modules/26.2/AudioToolbox.swiftmodule/arm64e-apple-macos.swiftmodule /Applications/Xcode.app/Contents/Developer/Toolchains/XcodeDefault.xctoolchain/usr/lib/swift/macosx/prebuilt-modules/26.2/SwiftUI.swiftmodule/arm64e-apple-macos.swiftmodule /Applications/Xcode.app/Contents/Developer/Toolchains/XcodeDefault.xctoolchain/usr/lib/swift/macosx/prebuilt-modules/26.2/Combine.swiftmodule/arm64e-apple-macos.swiftmodule /Applications/Xcode.app/Contents/Developer/Toolchains/XcodeDefault.xctoolchain/usr/lib/swift/macosx/prebuilt-modules/26.2/CoreText.swiftmodule/arm64e-apple-macos.swiftmodule /Applications/Xcode.app/Contents/Developer/Toolchains/XcodeDefault.xctoolchain/usr/lib/swift/macosx/prebuilt-modules/26.2/CoreFoundation.swiftmodule/arm64e-apple-macos.swiftmodule /Applications/Xcode.app/Contents/Developer/Toolchains/XcodeDefault.xctoolchain/usr/lib/swift/macosx/prebuilt-modules/26.2/CoreMedia.swiftmodule/arm64e-apple-macos.swiftmodule /Applications/Xcode.app/Contents/Developer/Toolchains/XcodeDefault.xctoolchain/usr/lib/swift/macosx/prebuilt-modules/26.2/CoreData.swiftmodule/arm64e-apple-macos.swiftmodule /Applications/Xcode.app/Contents/Developer/Toolchains/XcodeDefault.xctoolchain/usr/lib/swift/macosx/prebuilt-modules/26.2/OSLog.swiftmodule/arm64e-apple-macos.swiftmodule /Users/ivean/Library/Developer/Xcode/DerivedData/ModuleCache.noindex/_DarwinFoundation2-3TUZMEVJA3Q6MMTZVISG8UCJR.pcm /Users/ivean/Library/Developer/Xcode/DerivedData/ModuleCache.noindex/MachO-3PNSZASLR7BU2J2G4OAT1AL08.pcm /Users/ivean/Library/Developer/Xcode/DerivedData/ModuleCache.noindex/CoreImage-3K0X5HV9GHDZB55B9RK4WBJN7.pcm /Users/ivean/Library/Developer/Xcode/DerivedData/ModuleCache.noindex/OpenGL-7SBE7MB1S92L9T1QO9376LTDT.pcm /Users/ivean/Library/Developer/Xcode/DerivedData/ModuleCache.noindex/_Builtin_inttypes-19GKOA7MQTFJ9XQ0L4RGX6ML5.pcm /Users/ivean/Library/Developer/Xcode/DerivedData/ModuleCache.noindex/ScreenCaptureKit-98AYGFI5WRDL046ZWUW4JPH2T.pcm /Users/ivean/Library/Developer/Xcode/DerivedData/ModuleCache.noindex/Accessibility-5JPH4B65EZ4TPV062TKOXTE4G.pcm /Users/ivean/Library/Developer/Xcode/DerivedData/ModuleCache.noindex/_Builtin_limits-11FS443HRPZ80RFV0LCN019FA.pcm /Users/ivean/Library/Developer/Xcode/DerivedData/ModuleCache.noindex/ptrcheck-30983AXS0YMY78ZTHP1QT0KT0.pcm /Users/ivean/Library/Developer/Xcode/DerivedData/ModuleCache.noindex/_AvailabilityInternal-156XIN6UD3I0G5TX9GU8UHHXF.pcm /Users/ivean/Library/Developer/Xcode/DerivedData/ModuleCache.noindex/_Builtin_tgmath-A2QH2U8MOLHEPNMIJJ1BTXEQS.pcm /Users/ivean/Library/Developer/Xcode/DerivedData/ModuleCache.noindex/simd-CUWEWYHXWX3TDD2GA32HHDXK3.pcm /Users/ivean/Library/Developer/Xcode/DerivedData/ModuleCache.noindex/DeveloperToolsSupport-BAR4L5QW920BF0W6RISBLZCWP.pcm /Users/ivean/Library/Developer/Xcode/DerivedData/ModuleCache.noindex/IOSurface-BMG0P7KM8FESXF9SWTE0RLYUZ.pcm /Users/ivean/Library/Developer/Xcode/DerivedData/ModuleCache.noindex/AudioToolbox-7UVOQEDFD70U9A8B4BYXFBAJA.pcm /Users/ivean/Library/Developer/Xcode/DerivedData/ModuleCache.noindex/Spatial-5919HE4AI0NF8H1KDH2SSECLK.pcm /Users/ivean/Library/Developer/Xcode/DerivedData/ModuleCache.noindex/sys_types-9V4ZGCNTL09BQ0COCQ6DIMUEF.pcm /Users/ivean/Library/Developer/Xcode/DerivedData/ModuleCache.noindex/Cocoa-3ZQXODJ5YJT77878MWAFU1M38.pcm /Users/ivean/Library/Developer/Xcode/DerivedData/ModuleCache.noindex/Dispatch-B0WKOL7JSBMZB8ITDTBPOMXHT.pcm /Users/ivean/Library/Developer/Xcode/DerivedData/ModuleCache.noindex/ApplicationServices-CSBZGASJSU3GZ3M18DSEDRZ5K.pcm /Users/ivean/Library/Developer/Xcode/DerivedData/ModuleCache.noindex/DataDetection-6KWX3B4SIXLGSZOG49GQQTKMC.pcm /Users/ivean/Library/Developer/Xcode/DerivedData/ModuleCache.noindex/Security-7JYTH3NFJGOVJKNBS2PGQPNVY.pcm /Users/ivean/Library/Developer/Xcode/DerivedData/ModuleCache.noindex/ObjectiveC-4CLD2RE7DRY3E4U8XBWS7AJYT.pcm /Users/ivean/Library/Developer/Xcode/DerivedData/ModuleCache.noindex/libkern-5O29M054DXTV71ZAQGJZFGY5U.pcm /Users/ivean/Library/Developer/Xcode/DerivedData/ModuleCache.noindex/_Builtin_stdarg-5MJQ3X5DFWK5Q2MVZUI7ONN62.pcm /Users/ivean/Library/Developer/Xcode/DerivedData/ModuleCache.noindex/libDER-EE1NXO7OYDULK09GTK9W8MQ7U.pcm /Users/ivean/Library/Developer/Xcode/DerivedData/ModuleCache.noindex/CoreMIDI-9Q7V4H8UY6RYNBEBOOWAPFW6B.pcm /Users/ivean/Library/Developer/Xcode/DerivedData/ModuleCache.noindex/CoreMedia-DLMXZQJSK1UA22NKM0B0UXO45.pcm /Users/ivean/Library/Developer/Xcode/DerivedData/ModuleCache.noindex/_Builtin_stdatomic-6G2L2O7LAVNS8246AIMGI8NJF.pcm /Users/ivean/Library/Developer/Xcode/DerivedData/ModuleCache.noindex/_Builtin_float-23ONHZVA0LXGZHMZFDO1CXQJI.pcm /Users/ivean/Library/Developer/Xcode/DerivedData/ModuleCache.noindex/UniformTypeIdentifiers-9ZUKL6HTKQQ5M6O2SWBRQPZV.pcm /Users/ivean/Library/Developer/Xcode/DerivedData/ModuleCache.noindex/os_workgroup-9PID97OUNTHJKUJTRMOK3PKKM.pcm /Users/ivean/Library/Developer/Xcode/DerivedData/ModuleCache.noindex/SwiftUI-1XR7PGGQXRMNJMID7SB06F416.pcm /Users/ivean/Library/Developer/Xcode/DerivedData/ModuleCache.noindex/Foundation-V3F5X325EXWPW279C5PX9351.pcm /Users/ivean/Library/Developer/Xcode/DerivedData/ModuleCache.noindex/CoreData-82FQ436BKUP1FUMIE0XGXTCJI.pcm /Users/ivean/Library/Developer/Xcode/DerivedData/ModuleCache.noindex/_Builtin_intrinsics-921YAT0UZPQ6PALOTHOIKXQ1L.pcm /Users/ivean/Library/Developer/Xcode/DerivedData/ModuleCache.noindex/DiskArbitration-AMYHLMMK65CSDCFQLZVVF4TNY.pcm /Users/ivean/Library/Developer/Xcode/DerivedData/ModuleCache.noindex/_DarwinFoundation1-89TN17VEWWU7MX95BX3OSIHZR.pcm /Users/ivean/Library/Developer/Xcode/DerivedData/ModuleCache.noindex/_SwiftConcurrencyShims-CQNSCVMTDL7FB5IE2U6N4VTO2.pcm /Users/ivean/Library/Developer/Xcode/DerivedData/ModuleCache.noindex/_Builtin_stdint-9V38718GUR4XRD314U3UBQ23.pcm /Users/ivean/Library/Developer/Xcode/DerivedData/ModuleCache.noindex/CoreAudioTypes-A5RY6JZSEIBYULEQF2P7CFYVH.pcm /Users/ivean/Library/Developer/Xcode/DerivedData/ModuleCache.noindex/_Builtin_stddef-7DX1SXXEXIQBASV4NZFFE3HX1.pcm /Users/ivean/Library/Developer/Xcode/DerivedData/ModuleCache.noindex/ptrauth-17RP6X0YR422SADS9IQPU88DK.pcm /Users/ivean/Library/Developer/Xcode/DerivedData/ModuleCache.noindex/Darwin-84499M0QJAOH28ILXYR5NUMBA.pcm /Users/ivean/Library/Developer/Xcode/DerivedData/ModuleCache.noindex/Carbon-E36GM9OM37WY3BSMP1SCLTWGR.pcm /Users/ivean/Library/Developer/Xcode/DerivedData/ModuleCache.noindex/MediaToolbox-DLEZ5S2BCHDKS0QB06TOQHPHZ.pcm /Users/ivean/Library/Developer/Xcode/DerivedData/ModuleCache.noindex/launch-7LF6TB7SBEYBTRVYTMNFUG9E6.pcm /Users/ivean/Library/Developer/Xcode/DerivedData/ModuleCache.noindex/XPC-9QQ1FQYMUGRIELV6868QPO0H2.pcm /Users/ivean/Library/Developer/Xcode/DerivedData/ModuleCache.noindex/Symbols-6VS18661UTY5T1PKSXTLK1IHY.pcm /Users/ivean/Library/Developer/Xcode/DerivedData/ModuleCache.noindex/CoreServices-278P1AGZN6K5NJ3PWTGNVB05C.pcm /Users/ivean/Library/Developer/Xcode/DerivedData/ModuleCache.noindex/os_object-3CCLFRR0MU6V2928NOM99CMP6.pcm /Users/ivean/Library/Developer/Xcode/DerivedData/ModuleCache.noindex/ServiceManagement-653USMF38QJD73O0N7Z582G8Y.pcm /Users/ivean/Library/Developer/Xcode/DerivedData/ModuleCache.noindex/QuartzCore-AUOAJE8ZGL5BNSNZP64200DWF.pcm /Users/ivean/Library/Developer/Xcode/DerivedData/ModuleCache.noindex/AVFoundation-5M75IFB0G79GTI4TGITFPU6U3.pcm /Users/ivean/Library/Developer/Xcode/DerivedData/ModuleCache.noindex/AVFAudio-3UISG84XZ3U56SNQ7BD5R38N7.pcm /Users/ivean/Library/Developer/Xcode/DerivedData/ModuleCache.noindex/OSLog-5LBRRB9QVU0M0MCZTHT1ZVWRS.pcm /Users/ivean/Library/Developer/Xcode/DerivedData/ModuleCache.noindex/CoreTransferable-CRORN0LG7X8KQP312XTYN7WS8.pcm /Users/ivean/Library/Developer/Xcode/DerivedData/ModuleCache.noindex/CoreVideo-9A3B4R958E6055MANDICCL0C.pcm /Users/ivean/Library/Developer/Xcode/DerivedData/ModuleCache.noindex/CFNetwork-9UU20VRPDX1D6VET5FOFAQ965.pcm /Users/ivean/Library/Developer/Xcode/DerivedData/ModuleCache.noindex/CoreFoundation-67SIEKUZ7NJ86Q0IEDB4AEPUV.pcm /Users/ivean/Library/Developer/Xcode/DerivedData/ModuleCache.noindex/CUPS-4N7CFB1SCZDEKSDCTRMCQWSPP.pcm /Users/ivean/Library/Developer/Xcode/DerivedData/ModuleCache.noindex/CoreAudio-9KRTFY1PF659LC1IEFT19M14H.pcm /Users/ivean/Library/Developer/Xcode/DerivedData/ModuleCache.noindex/CoreGraphics-1KUW5WLBXOV1OF1RIL3HPY8EV.pcm /Users/ivean/Library/Developer/Xcode/DerivedData/ModuleCache.noindex/ImageIO-97A1AYAHXCSCYU22G8IUFU3NJ.pcm /Users/ivean/Library/Developer/Xcode/DerivedData/ModuleCache.noindex/CoreText-6Z2ANNK2638K8RIXQ32NHV510.pcm /Users/ivean/Library/Developer/Xcode/DerivedData/ModuleCache.noindex/IOKit-9433EZ12X0H8YD5IK17YZL8VA.pcm /Users/ivean/Library/Developer/Xcode/DerivedData/ModuleCache.noindex/os-EKBO29IXKSNIHE2LHNKWIYOIQ.pcm /Users/ivean/Library/Developer/Xcode/DerivedData/ModuleCache.noindex/ColorSync-AAAZ84DOL6RLTUY15KGH2RIT5.pcm /Users/ivean/Library/Developer/Xcode/DerivedData/ModuleCache.noindex/_Builtin_stdbool-2MBMOTTNL5YXQGDDX3A9O9O9K.pcm /Users/ivean/Library/Developer/Xcode/DerivedData/ModuleCache.noindex/_DarwinFoundation3-69P7J2RFQSA40TW5UJQTWQIX0.pcm /Users/ivean/Library/Developer/Xcode/DerivedData/ModuleCache.noindex/Metal-118RAACYGPB0TB6JMBKQQGWUW.pcm /Users/ivean/Library/Developer/Xcode/DerivedData/ModuleCache.noindex/SwiftShims-9BTOWOZ78X9R880MULEP1EJYD.pcm /Users/ivean/Library/Developer/Xcode/DerivedData/ModuleCache.noindex/AppKit-877KAT5YS65T1IEBU0ZOHN56W.pcm /Users/ivean/Library/Developer/Xcode/DerivedData/ModuleCache.noindex/SwiftUICore-DKKHJO0E9L9QZU6DGCRDD07CS.pcm /Users/ivean/Library/Developer/Xcode/DerivedData/DockMinimize-butboltxyivsradwxfexqksgjlss/Build/Intermediates.noindex/DockMinimize.build/Release/DockMinimize.build/Objects-normal/arm64/DockMinimize-dependencies-2.json (in target 'DockMinimize' from project 'DockMinimize')
Failed frontend command:
/Applications/Xcode.app/Contents/Developer/Toolchains/XcodeDefault.xctoolchain/usr/bin/swift-frontend -frontend -c /Users/ivean/Documents/软件安装/我的扩展/DockMinimize/DockMinimize/DockMinimizeApp.swift /Users/ivean/Documents/软件安装/我的扩展/DockMinimize/DockMinimize/AppDelegate.swift /Users/ivean/Documents/软件安装/我的扩展/DockMinimize/DockMinimize/MenuBarController.swift /Users/ivean/Documents/软件安装/我的扩展/DockMinimize/DockMinimize/AccessibilityManager.swift /Users/ivean/Documents/软件安装/我的扩展/DockMinimize/DockMinimize/DockEventMonitor.swift /Users/ivean/Documents/软件安装/我的扩展/DockMinimize/DockMinimize/WindowManager.swift /Users/ivean/Documents/软件安装/我的扩展/DockMinimize/DockMinimize/SettingsManager.swift /Users/ivean/Documents/软件安装/我的扩展/DockMinimize/DockMinimize/SettingsView.swift /Users/ivean/Documents/软件安装/我的扩展/DockMinimize/DockMinimize/DebugLogger.swift /Users/ivean/Documents/软件安装/我的扩展/DockMinimize/DockMinimize/ScreenCaptureManager.swift /Users/ivean/Documents/软件安装/我的扩展/DockMinimize/DockMinimize/WindowThumbnailService.swift /Users/ivean/Documents/软件安装/我的扩展/DockMinimize/DockMinimize/HoverEventMonitor.swift /Users/ivean/Documents/软件安装/我的扩展/DockMinimize/DockMinimize/PreviewStateManager.swift /Users/ivean/Documents/软件安装/我的扩展/DockMinimize/DockMinimize/ThumbnailCardView.swift /Users/ivean/Documents/软件安装/我的扩展/DockMinimize/DockMinimize/PreviewBarView.swift /Users/ivean/Documents/软件安装/我的扩展/DockMinimize/DockMinimize/PreviewBarController.swift /Users/ivean/Documents/软件安装/我的扩展/DockMinimize/DockMinimize/PrivateApis.swift /Users/ivean/Documents/软件安装/我的扩展/DockMinimize/DockMinimize/LargePreviewView.swift /Users/ivean/Documents/软件安装/我的扩展/DockMinimize/DockMinimize/CacheManager.swift /Users/ivean/Library/Developer/Xcode/DerivedData/DockMinimize-butboltxyivsradwxfexqksgjlss/Build/Intermediates.noindex/DockMinimize.build/Release/DockMinimize.build/DerivedSources/GeneratedAssetSymbols.swift -supplementary-output-file-map /Users/ivean/Library/Developer/Xcode/DerivedData/DockMinimize-butboltxyivsradwxfexqksgjlss/Build/Intermediates.noindex/DockMinimize.build/Release/DockMinimize.build/Objects-normal/arm64/supplementaryOutputs-2 -emit-localized-strings -emit-localized-strings-path /Users/ivean/Library/Developer/Xcode/DerivedData/DockMinimize-butboltxyivsradwxfexqksgjlss/Build/Intermediates.noindex/DockMinimize.build/Release/DockMinimize.build/Objects-normal/arm64 -target arm64-apple-macos13.0 -module-can-import-version AppKit 2685.30.107 2685.30.107 -module-can-import-version DeveloperToolsSupport 23.0.4 23.0.4 -module-can-import-version SwiftUI 7.2.5.1 7.2.5 -load-resolved-plugin /Applications/Xcode.app/Contents/Developer/Platforms/MacOSX.platform/Developer/usr/lib/swift/host/plugins/libFoundationMacros.dylib\#/Applications/Xcode.app/Contents/Developer/Platforms/MacOSX.platform/Developer/usr/bin/swift-plugin-server\#FoundationMacros -load-resolved-plugin /Applications/Xcode.app/Contents/Developer/Platforms/MacOSX.platform/Developer/usr/lib/swift/host/plugins/libObservationMacros.dylib\#/Applications/Xcode.app/Contents/Developer/Platforms/MacOSX.platform/Developer/usr/bin/swift-plugin-server\#ObservationMacros -load-resolved-plugin /Applications/Xcode.app/Contents/Developer/Platforms/MacOSX.platform/Developer/usr/lib/swift/host/plugins/libPreviewsMacros.dylib\#/Applications/Xcode.app/Contents/Developer/Platforms/MacOSX.platform/Developer/usr/bin/swift-plugin-server\#PreviewsMacros -load-resolved-plugin /Applications/Xcode.app/Contents/Developer/Platforms/MacOSX.platform/Developer/usr/lib/swift/host/plugins/libSwiftMacros.dylib\#/Applications/Xcode.app/Contents/Developer/Platforms/MacOSX.platform/Developer/usr/bin/swift-plugin-server\#SwiftMacros -load-resolved-plugin /Applications/Xcode.app/Contents/Developer/Platforms/MacOSX.platform/Developer/usr/lib/swift/host/plugins/libSwiftUIMacros.dylib\#/Applications/Xcode.app/Contents/Developer/Platforms/MacOSX.platform/Developer/usr/bin/swift-plugin-server\#SwiftUIMacros -disable-implicit-swift-modules -Xcc -fno-implicit-modules -Xcc -fno-implicit-module-maps -explicit-swift-module-map-file /Users/ivean/Library/Developer/Xcode/DerivedData/DockMinimize-butboltxyivsradwxfexqksgjlss/Build/Intermediates.noindex/DockMinimize.build/Release/DockMinimize.build/Objects-normal/arm64/DockMinimize-dependencies-2.json -Xllvm -aarch64-use-tbi -enable-objc-interop -stack-check -sdk /Applications/Xcode.app/Contents/Developer/Platforms/MacOSX.platform/Developer/SDKs/MacOSX26.2.sdk -I /Users/ivean/Library/Developer/Xcode/DerivedData/DockMinimize-butboltxyivsradwxfexqksgjlss/Build/Products/Release -F /Users/ivean/Library/Developer/Xcode/DerivedData/DockMinimize-butboltxyivsradwxfexqksgjlss/Build/Products/Release -no-color-diagnostics -Xcc -fno-color-diagnostics -g -debug-info-format\=dwarf -dwarf-version\=4 -module-cache-path /Users/ivean/Library/Developer/Xcode/DerivedData/DockMinimize-butboltxyivsradwxfexqksgjlss/Build/Intermediates.noindex/SwiftExplicitPrecompiledModules -swift-version 5 -enforce-exclusivity\=checked -O -serialize-debugging-options -const-gather-protocols-file /Users/ivean/Library/Developer/Xcode/DerivedData/DockMinimize-butboltxyivsradwxfexqksgjlss/Build/Intermediates.noindex/DockMinimize.build/Release/DockMinimize.build/Objects-normal/arm64/DockMinimize_const_extract_protocols.json -enable-experimental-feature DebugDescriptionMacro -enable-bare-slash-regex -empty-abi-descriptor -validate-clang-modules-once -clang-build-session-file /Users/ivean/Library/Developer/Xcode/DerivedData/ModuleCache.noindex/Session.modulevalidation -Xcc -working-directory -Xcc /Users/ivean/Documents/软件安装/我的扩展/DockMinimize/DockMinimize -file-compilation-dir /Users/ivean/Documents/软件安装/我的扩展/DockMinimize/DockMinimize -Xcc -ivfsstatcache -Xcc /Users/ivean/Library/Developer/Xcode/DerivedData/SDKStatCaches.noindex/macosx26.2-25C57-00fa09913b459cbbc988d1f6730289ae.sdkstatcache -Xcc -I/Users/ivean/Library/Developer/Xcode/DerivedData/DockMinimize-butboltxyivsradwxfexqksgjlss/Build/Intermediates.noindex/DockMinimize.build/Release/DockMinimize.build/swift-overrides.hmap -Xcc -iquote -Xcc /Users/ivean/Library/Developer/Xcode/DerivedData/DockMinimize-butboltxyivsradwxfexqksgjlss/Build/Intermediates.noindex/DockMinimize.build/Release/DockMinimize.build/DockMinimize-generated-files.hmap -Xcc -I/Users/ivean/Library/Developer/Xcode/DerivedData/DockMinimize-butboltxyivsradwxfexqksgjlss/Build/Intermediates.noindex/DockMinimize.build/Release/DockMinimize.build/DockMinimize-own-target-headers.hmap -Xcc -I/Users/ivean/Library/Developer/Xcode/DerivedData/DockMinimize-butboltxyivsradwxfexqksgjlss/Build/Intermediates.noindex/DockMinimize.build/Release/DockMinimize.build/DockMinimize-all-target-headers.hmap -Xcc -iquote -Xcc /Users/ivean/Library/Developer/Xcode/DerivedData/DockMinimize-butboltxyivsradwxfexqksgjlss/Build/Intermediates.noindex/DockMinimize.build/Release/DockMinimize.build/DockMinimize-project-headers.hmap -Xcc -I/Users/ivean/Library/Developer/Xcode/DerivedData/DockMinimize-butboltxyivsradwxfexqksgjlss/Build/Products/Release/include -Xcc -I/Users/ivean/Library/Developer/Xcode/DerivedData/DockMinimize-butboltxyivsradwxfexqksgjlss/Build/Intermediates.noindex/DockMinimize.build/Release/DockMinimize.build/DerivedSources-normal/arm64 -Xcc -I/Users/ivean/Library/Developer/Xcode/DerivedData/DockMinimize-butboltxyivsradwxfexqksgjlss/Build/Intermediates.noindex/DockMinimize.build/Release/DockMinimize.build/DerivedSources/arm64 -Xcc -I/Users/ivean/Library/Developer/Xcode/DerivedData/DockMinimize-butboltxyivsradwxfexqksgjlss/Build/Intermediates.noindex/DockMinimize.build/Release/DockMinimize.build/DerivedSources -no-auto-bridging-header-chaining -module-name DockMinimize -frontend-parseable-output -disable-clang-spi -target-sdk-version 26.2 -target-sdk-name macosx26.2 -clang-target arm64-apple-macos26.2 -in-process-plugin-server-path /Applications/Xcode.app/Contents/Developer/Toolchains/XcodeDefault.xctoolchain/usr/lib/swift/host/libSwiftInProcPluginServer.dylib -enable-default-cmo -num-threads 12 -o /Users/ivean/Library/Developer/Xcode/DerivedData/DockMinimize-butboltxyivsradwxfexqksgjlss/Build/Intermediates.noindex/DockMinimize.build/Release/DockMinimize.build/Objects-normal/arm64/DockMinimizeApp.o -o /Users/ivean/Library/Developer/Xcode/DerivedData/DockMinimize-butboltxyivsradwxfexqksgjlss/Build/Intermediates.noindex/DockMinimize.build/Release/DockMinimize.build/Objects-normal/arm64/AppDelegate.o -o /Users/ivean/Library/Developer/Xcode/DerivedData/DockMinimize-butboltxyivsradwxfexqksgjlss/Build/Intermediates.noindex/DockMinimize.build/Release/DockMinimize.build/Objects-normal/arm64/MenuBarController.o -o /Users/ivean/Library/Developer/Xcode/DerivedData/DockMinimize-butboltxyivsradwxfexqksgjlss/Build/Intermediates.noindex/DockMinimize.build/Release/DockMinimize.build/Objects-normal/arm64/AccessibilityManager.o -o /Users/ivean/Library/Developer/Xcode/DerivedData/DockMinimize-butboltxyivsradwxfexqksgjlss/Build/Intermediates.noindex/DockMinimize.build/Release/DockMinimize.build/Objects-normal/arm64/DockEventMonitor.o -o /Users/ivean/Library/Developer/Xcode/DerivedData/DockMinimize-butboltxyivsradwxfexqksgjlss/Build/Intermediates.noindex/DockMinimize.build/Release/DockMinimize.build/Objects-normal/arm64/WindowManager.o -o /Users/ivean/Library/Developer/Xcode/DerivedData/DockMinimize-butboltxyivsradwxfexqksgjlss/Build/Intermediates.noindex/DockMinimize.build/Release/DockMinimize.build/Objects-normal/arm64/SettingsManager.o -o /Users/ivean/Library/Developer/Xcode/DerivedData/DockMinimize-butboltxyivsradwxfexqksgjlss/Build/Intermediates.noindex/DockMinimize.build/Release/DockMinimize.build/Objects-normal/arm64/SettingsView.o -o /Users/ivean/Library/Developer/Xcode/DerivedData/DockMinimize-butboltxyivsradwxfexqksgjlss/Build/Intermediates.noindex/DockMinimize.build/Release/DockMinimize.build/Objects-normal/arm64/DebugLogger.o -o /Users/ivean/Library/Developer/Xcode/DerivedData/DockMinimize-butboltxyivsradwxfexqksgjlss/Build/Intermediates.noindex/DockMinimize.build/Release/DockMinimize.build/Objects-normal/arm64/ScreenCaptureManager.o -o /Users/ivean/Library/Developer/Xcode/DerivedData/DockMinimize-butboltxyivsradwxfexqksgjlss/Build/Intermediates.noindex/DockMinimize.build/Release/DockMinimize.build/Objects-normal/arm64/WindowThumbnailService.o -o /Users/ivean/Library/Developer/Xcode/DerivedData/DockMinimize-butboltxyivsradwxfexqksgjlss/Build/Intermediates.noindex/DockMinimize.build/Release/DockMinimize.build/Objects-normal/arm64/HoverEventMonitor.o -o /Users/ivean/Library/Developer/Xcode/DerivedData/DockMinimize-butboltxyivsradwxfexqksgjlss/Build/Intermediates.noindex/DockMinimize.build/Release/DockMinimize.build/Objects-normal/arm64/PreviewStateManager.o -o /Users/ivean/Library/Developer/Xcode/DerivedData/DockMinimize-butboltxyivsradwxfexqksgjlss/Build/Intermediates.noindex/DockMinimize.build/Release/DockMinimize.build/Objects-normal/arm64/ThumbnailCardView.o -o /Users/ivean/Library/Developer/Xcode/DerivedData/DockMinimize-butboltxyivsradwxfexqksgjlss/Build/Intermediates.noindex/DockMinimize.build/Release/DockMinimize.build/Objects-normal/arm64/PreviewBarView.o -o /Users/ivean/Library/Developer/Xcode/DerivedData/DockMinimize-butboltxyivsradwxfexqksgjlss/Build/Intermediates.noindex/DockMinimize.build/Release/DockMinimize.build/Objects-normal/arm64/PreviewBarController.o -o /Users/ivean/Library/Developer/Xcode/DerivedData/DockMinimize-butboltxyivsradwxfexqksgjlss/Build/Intermediates.noindex/DockMinimize.build/Release/DockMinimize.build/Objects-normal/arm64/PrivateApis.o -o /Users/ivean/Library/Developer/Xcode/DerivedData/DockMinimize-butboltxyivsradwxfexqksgjlss/Build/Intermediates.noindex/DockMinimize.build/Release/DockMinimize.build/Objects-normal/arm64/LargePreviewView.o -o /Users/ivean/Library/Developer/Xcode/DerivedData/DockMinimize-butboltxyivsradwxfexqksgjlss/Build/Intermediates.noindex/DockMinimize.build/Release/DockMinimize.build/Objects-normal/arm64/CacheManager.o -o /Users/ivean/Library/Developer/Xcode/DerivedData/DockMinimize-butboltxyivsradwxfexqksgjlss/Build/Intermediates.noindex/DockMinimize.build/Release/DockMinimize.build/Objects-normal/arm64/GeneratedAssetSymbols.o -index-unit-output-path /DockMinimize.build/Release/DockMinimize.build/Objects-normal/arm64/DockMinimizeApp.o -index-unit-output-path /DockMinimize.build/Release/DockMinimize.build/Objects-normal/arm64/AppDelegate.o -index-unit-output-path /DockMinimize.build/Release/DockMinimize.build/Objects-normal/arm64/MenuBarController.o -index-unit-output-path /DockMinimize.build/Release/DockMinimize.build/Objects-normal/arm64/AccessibilityManager.o -index-unit-output-path /DockMinimize.build/Release/DockMinimize.build/Objects-normal/arm64/DockEventMonitor.o -index-unit-output-path /DockMinimize.build/Release/DockMinimize.build/Objects-normal/arm64/WindowManager.o -index-unit-output-path /DockMinimize.build/Release/DockMinimize.build/Objects-normal/arm64/SettingsManager.o -index-unit-output-path /DockMinimize.build/Release/DockMinimize.build/Objects-normal/arm64/SettingsView.o -index-unit-output-path /DockMinimize.build/Release/DockMinimize.build/Objects-normal/arm64/DebugLogger.o -index-unit-output-path /DockMinimize.build/Release/DockMinimize.build/Objects-normal/arm64/ScreenCaptureManager.o -index-unit-output-path /DockMinimize.build/Release/DockMinimize.build/Objects-normal/arm64/WindowThumbnailService.o -index-unit-output-path /DockMinimize.build/Release/DockMinimize.build/Objects-normal/arm64/HoverEventMonitor.o -index-unit-output-path /DockMinimize.build/Release/DockMinimize.build/Objects-normal/arm64/PreviewStateManager.o -index-unit-output-path /DockMinimize.build/Release/DockMinimize.build/Objects-normal/arm64/ThumbnailCardView.o -index-unit-output-path /DockMinimize.build/Release/DockMinimize.build/Objects-normal/arm64/PreviewBarView.o -index-unit-output-path /DockMinimize.build/Release/DockMinimize.build/Objects-normal/arm64/PreviewBarController.o -index-unit-output-path /DockMinimize.build/Release/DockMinimize.build/Objects-normal/arm64/PrivateApis.o -index-unit-output-path /DockMinimize.build/Release/DockMinimize.build/Objects-normal/arm64/LargePreviewView.o -index-unit-output-path /DockMinimize.build/Release/DockMinimize.build/Objects-normal/arm64/CacheManager.o -index-unit-output-path /DockMinimize.build/Release/DockMinimize.build/Objects-normal/arm64/GeneratedAssetSymbols.o

CompileSwift normal arm64 (in target 'DockMinimize' from project 'DockMinimize')
    cd /Users/ivean/Documents/软件安装/我的扩展/DockMinimize/DockMinimize
    
/Users/ivean/Documents/软件安装/我的扩展/DockMinimize/DockMinimize/DockEventMonitor.swift:256:54: error: cannot find 'bundleId' in scope
                            if !hasVisibleWindows && bundleId != "com.apple.finder" {
                                                     ^~~~~~~~
/Users/ivean/Documents/软件安装/我的扩展/DockMinimize/DockMinimize/DockEventMonitor.swift:267:39: error: cannot find 'isAlreadyActive' in scope
                        let action = (isAlreadyActive || isFinder) ? "toggle" : "activate"
                                      ^~~~~~~~~~~~~~~
/Users/ivean/Documents/软件安装/我的扩展/DockMinimize/DockMinimize/DockEventMonitor.swift:267:58: error: cannot find 'isFinder' in scope
                        let action = (isAlreadyActive || isFinder) ? "toggle" : "activate"
                                                         ^~~~~~~~
/Users/ivean/Documents/软件安装/我的扩展/DockMinimize/DockMinimize/WindowManager.swift:128:13: warning: immutable value 'intended' was never used; consider replacing with '_' or removing it
        let intended: Bool
            ^~~~~~~~
            _
/Users/ivean/Documents/软件安装/我的扩展/DockMinimize/DockMinimize/PreviewBarController.swift:72:17: warning: initialization of immutable value 'screenHeight' was never used; consider replacing with assignment to '_' or removing it
            let screenHeight = NSScreen.main?.frame.height ?? 800
            ~~~~^~~~~~~~~~~~
            _

** BUILD FAILED **


The following build commands failed:
	CompileSwift normal x86_64 (in target 'DockMinimize' from project 'DockMinimize')
	SwiftCompile normal x86_64 Compiling\ DockMinimizeApp.swift,\ AppDelegate.swift,\ MenuBarController.swift,\ AccessibilityManager.swift,\ DockEventMonitor.swift,\ WindowManager.swift,\ SettingsManager.swift,\ SettingsView.swift,\ DebugLogger.swift,\ ScreenCaptureManager.swift,\ WindowThumbnailService.swift,\ HoverEventMonitor.swift,\ PreviewStateManager.swift,\ ThumbnailCardView.swift,\ PreviewBarView.swift,\ PreviewBarController.swift,\ PrivateApis.swift,\ LargePreviewView.swift,\ CacheManager.swift,\ GeneratedAssetSymbols.swift /Users/ivean/Documents/软件安装/我的扩展/DockMinimize/DockMinimize/DockMinimizeApp.swift /Users/ivean/Documents/软件安装/我的扩展/DockMinimize/DockMinimize/AppDelegate.swift /Users/ivean/Documents/软件安装/我的扩展/DockMinimize/DockMinimize/MenuBarController.swift /Users/ivean/Documents/软件安装/我的扩展/DockMinimize/DockMinimize/AccessibilityManager.swift /Users/ivean/Documents/软件安装/我的扩展/DockMinimize/DockMinimize/DockEventMonitor.swift /Users/ivean/Documents/软件安装/我的扩展/DockMinimize/DockMinimize/WindowManager.swift /Users/ivean/Documents/软件安装/我的扩展/DockMinimize/DockMinimize/SettingsManager.swift /Users/ivean/Documents/软件安装/我的扩展/DockMinimize/DockMinimize/SettingsView.swift /Users/ivean/Documents/软件安装/我的扩展/DockMinimize/DockMinimize/DebugLogger.swift /Users/ivean/Documents/软件安装/我的扩展/DockMinimize/DockMinimize/ScreenCaptureManager.swift /Users/ivean/Documents/软件安装/我的扩展/DockMinimize/DockMinimize/WindowThumbnailService.swift /Users/ivean/Documents/软件安装/我的扩展/DockMinimize/DockMinimize/HoverEventMonitor.swift /Users/ivean/Documents/软件安装/我的扩展/DockMinimize/DockMinimize/PreviewStateManager.swift /Users/ivean/Documents/软件安装/我的扩展/DockMinimize/DockMinimize/ThumbnailCardView.swift /Users/ivean/Documents/软件安装/我的扩展/DockMinimize/DockMinimize/PreviewBarView.swift /Users/ivean/Documents/软件安装/我的扩展/DockMinimize/DockMinimize/PreviewBarController.swift /Users/ivean/Documents/软件安装/我的扩展/DockMinimize/DockMinimize/PrivateApis.swift /Users/ivean/Documents/软件安装/我的扩展/DockMinimize/DockMinimize/LargePreviewView.swift /Users/ivean/Documents/软件安装/我的扩展/DockMinimize/DockMinimize/CacheManager.swift /Users/ivean/Library/Developer/Xcode/DerivedData/DockMinimize-butboltxyivsradwxfexqksgjlss/Build/Intermediates.noindex/DockMinimize.build/Release/DockMinimize.build/DerivedSources/GeneratedAssetSymbols.swift /Applications/Xcode.app/Contents/Developer/Toolchains/XcodeDefault.xctoolchain/usr/lib/swift/macosx/prebuilt-modules/26.2/XPC.swiftmodule/x86_64-apple-macos.swiftmodule /Applications/Xcode.app/Contents/Developer/Toolchains/XcodeDefault.xctoolchain/usr/lib/swift/macosx/prebuilt-modules/26.2/SwiftUI.swiftmodule/x86_64-apple-macos.swiftmodule /Applications/Xcode.app/Contents/Developer/Toolchains/XcodeDefault.xctoolchain/usr/lib/swift/macosx/prebuilt-modules/26.2/DeveloperToolsSupport.swiftmodule/x86_64-apple-macos.swiftmodule /Applications/Xcode.app/Contents/Developer/Toolchains/XcodeDefault.xctoolchain/usr/lib/swift/macosx/prebuilt-modules/26.2/_DarwinFoundation3.swiftmodule/x86_64-apple-macos.swiftmodule /Applications/Xcode.app/Contents/Developer/Toolchains/XcodeDefault.xctoolchain/usr/lib/swift/macosx/prebuilt-modules/26.2/Spatial.swiftmodule/x86_64-apple-macos.swiftmodule /Applications/Xcode.app/Contents/Developer/Toolchains/XcodeDefault.xctoolchain/usr/lib/swift/macosx/prebuilt-modules/26.2/Foundation.swiftmodule/x86_64-apple-macos.swiftmodule /Applications/Xcode.app/Contents/Developer/Toolchains/XcodeDefault.xctoolchain/usr/lib/swift/macosx/prebuilt-modules/26.2/Combine.swiftmodule/x86_64-apple-macos.swiftmodule /Applications/Xcode.app/Contents/Developer/Toolchains/XcodeDefault.xctoolchain/usr/lib/swift/macosx/prebuilt-modules/26.2/ObjectiveC.swiftmodule/x86_64-apple-macos.swiftmodule /Applications/Xcode.app/Contents/Developer/Toolchains/XcodeDefault.xctoolchain/usr/lib/swift/macosx/prebuilt-modules/26.2/Darwin.swiftmodule/x86_64-apple-macos.swiftmodule /Applications/Xcode.app/Contents/Developer/Toolchains/XcodeDefault.xctoolchain/usr/lib/swift/macosx/prebuilt-modules/26.2/CoreText.swiftmodule/x86_64-apple-macos.swiftmodule /Applications/Xcode.app/Contents/Developer/Toolchains/XcodeDefault.xctoolchain/usr/lib/swift/macosx/prebuilt-modules/26.2/simd.swiftmodule/x86_64-apple-macos.swiftmodule /Applications/Xcode.app/Contents/Developer/Toolchains/XcodeDefault.xctoolchain/usr/lib/swift/macosx/prebuilt-modules/26.2/CoreMedia.swiftmodule/x86_64-apple-macos.swiftmodule /Applications/Xcode.app/Contents/Developer/Toolchains/XcodeDefault.xctoolchain/usr/lib/swift/macosx/prebuilt-modules/26.2/Metal.swiftmodule/x86_64-apple-macos.swiftmodule /Applications/Xcode.app/Contents/Developer/Toolchains/XcodeDefault.xctoolchain/usr/lib/swift/macosx/prebuilt-modules/26.2/CoreTransferable.swiftmodule/x86_64-apple-macos.swiftmodule /Applications/Xcode.app/Contents/Developer/Toolchains/XcodeDefault.xctoolchain/usr/lib/swift/macosx/prebuilt-modules/26.2/IOKit.swiftmodule/x86_64-apple-macos.swiftmodule /Applications/Xcode.app/Contents/Developer/Toolchains/XcodeDefault.xctoolchain/usr/lib/swift/macosx/prebuilt-modules/26.2/CoreVideo.swiftmodule/x86_64-apple-macos.swiftmodule /Applications/Xcode.app/Contents/Developer/Toolchains/XcodeDefault.xctoolchain/usr/lib/swift/macosx/prebuilt-modules/26.2/Symbols.swiftmodule/x86_64-apple-macos.swiftmodule /Applications/Xcode.app/Contents/Developer/Toolchains/XcodeDefault.xctoolchain/usr/lib/swift/macosx/prebuilt-modules/26.2/System.swiftmodule/x86_64-apple-macos.swiftmodule /Applications/Xcode.app/Contents/Developer/Toolchains/XcodeDefault.xctoolchain/usr/lib/swift/macosx/prebuilt-modules/26.2/Observation.swiftmodule/x86_64-apple-macos.swiftmodule /Applications/Xcode.app/Contents/Developer/Toolchains/XcodeDefault.xctoolchain/usr/lib/swift/macosx/prebuilt-modules/26.2/AVFAudio.swiftmodule/x86_64-apple-macos.swiftmodule /Applications/Xcode.app/Contents/Developer/Toolchains/XcodeDefault.xctoolchain/usr/lib/swift/macosx/prebuilt-modules/26.2/Dispatch.swiftmodule/x86_64-apple-macos.swiftmodule /Applications/Xcode.app/Contents/Developer/Toolchains/XcodeDefault.xctoolchain/usr/lib/swift/macosx/prebuilt-modules/26.2/_StringProcessing.swiftmodule/x86_64-apple-macos.swiftmodule /Applications/Xcode.app/Contents/Developer/Toolchains/XcodeDefault.xctoolchain/usr/lib/swift/macosx/prebuilt-modules/26.2/_Concurrency.swiftmodule/x86_64-apple-macos.swiftmodule /Applications/Xcode.app/Contents/Developer/Toolchains/XcodeDefault.xctoolchain/usr/lib/swift/macosx/prebuilt-modules/26.2/OSLog.swiftmodule/x86_64-apple-macos.swiftmodule /Applications/Xcode.app/Contents/Developer/Toolchains/XcodeDefault.xctoolchain/usr/lib/swift/macosx/prebuilt-modules/26.2/CoreData.swiftmodule/x86_64-apple-macos.swiftmodule /Applications/Xcode.app/Contents/Developer/Toolchains/XcodeDefault.xctoolchain/usr/lib/swift/macosx/prebuilt-modules/26.2/_DarwinFoundation1.swiftmodule/x86_64-apple-macos.swiftmodule /Applications/Xcode.app/Contents/Developer/Toolchains/XcodeDefault.xctoolchain/usr/lib/swift/macosx/prebuilt-modules/26.2/AVFoundation.swiftmodule/x86_64-apple-macos.swiftmodule /Applications/Xcode.app/Contents/Developer/Toolchains/XcodeDefault.xctoolchain/usr/lib/swift/macosx/prebuilt-modules/26.2/CoreGraphics.swiftmodule/x86_64-apple-macos.swiftmodule /Applications/Xcode.app/Contents/Developer/Toolchains/XcodeDefault.xctoolchain/usr/lib/swift/macosx/prebuilt-modules/26.2/Swift.swiftmodule/x86_64-apple-macos.swiftmodule /Applications/Xcode.app/Contents/Developer/Toolchains/XcodeDefault.xctoolchain/usr/lib/swift/macosx/prebuilt-modules/26.2/AudioToolbox.swiftmodule/x86_64-apple-macos.swiftmodule /Applications/Xcode.app/Contents/Developer/Toolchains/XcodeDefault.xctoolchain/usr/lib/swift/macosx/prebuilt-modules/26.2/AppKit.swiftmodule/x86_64-apple-macos.swiftmodule /Applications/Xcode.app/Contents/Developer/Toolchains/XcodeDefault.xctoolchain/usr/lib/swift/macosx/prebuilt-modules/26.2/CoreFoundation.swiftmodule/x86_64-apple-macos.swiftmodule /Applications/Xcode.app/Contents/Developer/Toolchains/XcodeDefault.xctoolchain/usr/lib/swift/macosx/prebuilt-modules/26.2/Synchronization.swiftmodule/x86_64-apple-macos.swiftmodule /Applications/Xcode.app/Contents/Developer/Toolchains/XcodeDefault.xctoolchain/usr/lib/swift/macosx/prebuilt-modules/26.2/_Builtin_float.swiftmodule/x86_64-apple-macos.swiftmodule /Applications/Xcode.app/Contents/Developer/Toolchains/XcodeDefault.xctoolchain/usr/lib/swift/macosx/prebuilt-modules/26.2/Accessibility.swiftmodule/x86_64-apple-macos.swiftmodule /Applications/Xcode.app/Contents/Developer/Toolchains/XcodeDefault.xctoolchain/usr/lib/swift/macosx/prebuilt-modules/26.2/DataDetection.swiftmodule/x86_64-apple-macos.swiftmodule /Applications/Xcode.app/Contents/Developer/Toolchains/XcodeDefault.xctoolchain/usr/lib/swift/macosx/prebuilt-modules/26.2/ScreenCaptureKit.swiftmodule/x86_64-apple-macos.swiftmodule /Applications/Xcode.app/Contents/Developer/Toolchains/XcodeDefault.xctoolchain/usr/lib/swift/macosx/prebuilt-modules/26.2/CoreMIDI.swiftmodule/x86_64-apple-macos.swiftmodule /Applications/Xcode.app/Contents/Developer/Toolchains/XcodeDefault.xctoolchain/usr/lib/swift/macosx/prebuilt-modules/26.2/CoreAudio.swiftmodule/x86_64-apple-macos.swiftmodule /Applications/Xcode.app/Contents/Developer/Toolchains/XcodeDefault.xctoolchain/usr/lib/swift/macosx/prebuilt-modules/26.2/os.swiftmodule/x86_64-apple-macos.swiftmodule /Applications/Xcode.app/Contents/Developer/Toolchains/XcodeDefault.xctoolchain/usr/lib/swift/macosx/prebuilt-modules/26.2/SwiftUICore.swiftmodule/x86_64-apple-macos.swiftmodule /Applications/Xcode.app/Contents/Developer/Toolchains/XcodeDefault.xctoolchain/usr/lib/swift/macosx/prebuilt-modules/26.2/_DarwinFoundation2.swiftmodule/x86_64-apple-macos.swiftmodule /Applications/Xcode.app/Contents/Developer/Toolchains/XcodeDefault.xctoolchain/usr/lib/swift/macosx/prebuilt-modules/26.2/QuartzCore.swiftmodule/x86_64-apple-macos.swiftmodule /Applications/Xcode.app/Contents/Developer/Toolchains/XcodeDefault.xctoolchain/usr/lib/swift/macosx/prebuilt-modules/26.2/CoreImage.swiftmodule/x86_64-apple-macos.swiftmodule /Applications/Xcode.app/Contents/Developer/Toolchains/XcodeDefault.xctoolchain/usr/lib/swift/macosx/prebuilt-modules/26.2/UniformTypeIdentifiers.swiftmodule/x86_64-apple-macos.swiftmodule /Users/ivean/Library/Developer/Xcode/DerivedData/ModuleCache.noindex/_Builtin_stdbool-A4RDWIQDMR11EK9JXD872EBC0.pcm /Users/ivean/Library/Developer/Xcode/DerivedData/ModuleCache.noindex/ObjectiveC-9JCD88Q52R7ZNRPUKX0AF53T3.pcm /Users/ivean/Library/Developer/Xcode/DerivedData/ModuleCache.noindex/os_workgroup-F0ESRTQKV5PHOFOJGSHHHAHCQ.pcm /Users/ivean/Library/Developer/Xcode/DerivedData/ModuleCache.noindex/Metal-2MA28FN1PWS08WUX2HGJBRAJ3.pcm /Users/ivean/Library/Developer/Xcode/DerivedData/ModuleCache.noindex/_SwiftConcurrencyShims-61Z0YMK16CZRI9YV72K7FGAHC.pcm /Users/ivean/Library/Developer/Xcode/DerivedData/ModuleCache.noindex/ServiceManagement-DRNJS35NY7T5WD1NLXLOCILVC.pcm /Users/ivean/Library/Developer/Xcode/DerivedData/ModuleCache.noindex/CoreVideo-DZ1H7JNUQ417Z7XH7W0C9MQSB.pcm /Users/ivean/Library/Developer/Xcode/DerivedData/ModuleCache.noindex/CoreText-2A2JOIF5P89QR13MS42Y9AA48.pcm /Users/ivean/Library/Developer/Xcode/DerivedData/ModuleCache.noindex/IOKit-20Y2SPVM3P0423VDJHS7LJWAA.pcm /Users/ivean/Library/Developer/Xcode/DerivedData/ModuleCache.noindex/_Builtin_inttypes-3FK5NP9CXPD6RQO038Z23V9CT.pcm /Users/ivean/Library/Developer/Xcode/DerivedData/ModuleCache.noindex/OpenGL-BT5GAH4JHTABFBVCXRHSR8GZU.pcm /Users/ivean/Library/Developer/Xcode/DerivedData/ModuleCache.noindex/AudioToolbox-E2727NZDFK2E2KEJJBA3T9H4B.pcm /Users/ivean/Library/Developer/Xcode/DerivedData/ModuleCache.noindex/UniformTypeIdentifiers-3VJBBZZ82M5RKQLMX2A5LC00H.pcm /Users/ivean/Library/Developer/Xcode/DerivedData/ModuleCache.noindex/ApplicationServices-4FKOA93RR9VIJB7D6B2KVMU1P.pcm /Users/ivean/Library/Developer/Xcode/DerivedData/ModuleCache.noindex/_Builtin_stdint-AXJYTFG9M1EZUMYMV65ZCWQES.pcm /Users/ivean/Library/Developer/Xcode/DerivedData/ModuleCache.noindex/CoreImage-9H4SAGPNVQ8NUP38PGBQGEKO7.pcm /Users/ivean/Library/Developer/Xcode/DerivedData/ModuleCache.noindex/_DarwinFoundation1-8UYF6VMW2DQCQDSXLVBW96UKB.pcm /Users/ivean/Library/Developer/Xcode/DerivedData/ModuleCache.noindex/MediaToolbox-160C4KWQ6A1FXA8TSZ973XON6.pcm /Users/ivean/Library/Developer/Xcode/DerivedData/ModuleCache.noindex/ImageIO-2K6ZJMRGL3L5WMIRLRYZGKLXY.pcm /Users/ivean/Library/Developer/Xcode/DerivedData/ModuleCache.noindex/_Builtin_float-789FB5A49QPCO5OTXTUU4OGWM.pcm /Users/ivean/Library/Developer/Xcode/DerivedData/ModuleCache.noindex/libDER-9RZUSO12INKYABQCG4X6G2YOF.pcm /Users/ivean/Library/Developer/Xcode/DerivedData/ModuleCache.noindex/_Builtin_tgmath-3BWVZP0MVZO3ITO8IMQN2WDQE.pcm /Users/ivean/Library/Developer/Xcode/DerivedData/ModuleCache.noindex/SwiftShims-2YTGX9I87ZFP7F2Y6YPC9PV7.pcm /Users/ivean/Library/Developer/Xcode/DerivedData/ModuleCache.noindex/AVFAudio-BJ8FHVGO4QKSVT5M4MGZA78TO.pcm /Users/ivean/Library/Developer/Xcode/DerivedData/ModuleCache.noindex/simd-C4PP7AJ1604WFU0HSBXW676C4.pcm /Users/ivean/Library/Developer/Xcode/DerivedData/ModuleCache.noindex/Cocoa-EAXBECQTLT51JK03MWCQWXEC6.pcm /Users/ivean/Library/Developer/Xcode/DerivedData/ModuleCache.noindex/SwiftUICore-ATJRXICICYSR01JZITEQHKYK9.pcm /Users/ivean/Library/Developer/Xcode/DerivedData/ModuleCache.noindex/Accessibility-BKBOZB1TY7Q26GDRKIXCG24P2.pcm /Users/ivean/Library/Developer/Xcode/DerivedData/ModuleCache.noindex/IOSurface-13VZVMK64NJEHH5N8XLIHRCQT.pcm /Users/ivean/Library/Developer/Xcode/DerivedData/ModuleCache.noindex/CoreAudioTypes-51QL3RPQZ7CP9QBFF4L7LSVW5.pcm /Users/ivean/Library/Developer/Xcode/DerivedData/ModuleCache.noindex/Spatial-44KS332EMW5TPE3OWRO4LK1FX.pcm /Users/ivean/Library/Developer/Xcode/DerivedData/ModuleCache.noindex/MachO-7KRRW26875LE42CHO2BCJR983.pcm /Users/ivean/Library/Developer/Xcode/DerivedData/ModuleCache.noindex/DataDetection-4WM0LPYMV2NQRGFQM25OWYSUB.pcm /Users/ivean/Library/Developer/Xcode/DerivedData/ModuleCache.noindex/_AvailabilityInternal-8RUH38D1CVH0XJXONRRZ4CSQD.pcm /Users/ivean/Library/Developer/Xcode/DerivedData/ModuleCache.noindex/OSLog-6TDN839A2FI0NTNITPBG09FYB.pcm /Users/ivean/Library/Developer/Xcode/DerivedData/ModuleCache.noindex/DiskArbitration-EQYBNMTTGIYV1A78U6Z12B9RI.pcm /Users/ivean/Library/Developer/Xcode/DerivedData/ModuleCache.noindex/Carbon-47OPUS1QLISCY3H64CMR30E8K.pcm /Users/ivean/Library/Developer/Xcode/DerivedData/ModuleCache.noindex/os_object-9OAR3W8ONX9DYVN3UTR7RTNDJ.pcm /Users/ivean/Library/Developer/Xcode/DerivedData/ModuleCache.noindex/AVFoundation-5M8W1Z3MCCKUIF8N1UT8FNDNY.pcm /Users/ivean/Library/Developer/Xcode/DerivedData/ModuleCache.noindex/Foundation-DMCKNXO34O5XKPWPVYJ0FR64Q.pcm /Users/ivean/Library/Developer/Xcode/DerivedData/ModuleCache.noindex/CoreFoundation-BUW6FSES1WKZ6NBU7H90QP20N.pcm /Users/ivean/Library/Developer/Xcode/DerivedData/ModuleCache.noindex/_Builtin_stdatomic-7M15RDXFR3GPSK4P8E82RJ051.pcm /Users/ivean/Library/Developer/Xcode/DerivedData/ModuleCache.noindex/sys_types-ANE68WW23FWDD66LQDPQOP3J0.pcm /Users/ivean/Library/Developer/Xcode/DerivedData/ModuleCache.noindex/_DarwinFoundation2-1Z3PI6T8872BAQJPYH3R63S73.pcm /Users/ivean/Library/Developer/Xcode/DerivedData/ModuleCache.noindex/_Builtin_stdarg-16L09WHUZT7ZUQA6AW0ZAYVUV.pcm /Users/ivean/Library/Developer/Xcode/DerivedData/ModuleCache.noindex/ColorSync-EBW5CKLWFJV39FIXIB1HGBIT6.pcm /Users/ivean/Library/Developer/Xcode/DerivedData/ModuleCache.noindex/Security-DCIGBPG7RICSD933RW7CC2DZ3.pcm /Users/ivean/Library/Developer/Xcode/DerivedData/ModuleCache.noindex/Darwin-483OUKV88RBB2BXMTHP854N34.pcm /Users/ivean/Library/Developer/Xcode/DerivedData/ModuleCache.noindex/CoreMedia-D1D5F3W9FO6P25ZN6S423SCPT.pcm /Users/ivean/Library/Developer/Xcode/DerivedData/ModuleCache.noindex/CoreGraphics-8CC8ZSD1IQKYGJL0UXAS1YOSY.pcm /Users/ivean/Library/Developer/Xcode/DerivedData/ModuleCache.noindex/CoreAudio-12GMKSQMFFTGAK0UFACWUV0XW.pcm /Users/ivean/Library/Developer/Xcode/DerivedData/ModuleCache.noindex/SwiftUI-EGFVXOAJ7GNEUUY3QYCNEW5BT.pcm /Users/ivean/Library/Developer/Xcode/DerivedData/ModuleCache.noindex/_Builtin_stddef-DT3651TR0YYS49CWBY600SG5Z.pcm /Users/ivean/Library/Developer/Xcode/DerivedData/ModuleCache.noindex/AppKit-5VZZR29KVJPXP9NCS9JN8I9JS.pcm /Users/ivean/Library/Developer/Xcode/DerivedData/ModuleCache.noindex/CFNetwork-8RO4KS5UOZJX1RBB04YUJHFLY.pcm /Users/ivean/Library/Developer/Xcode/DerivedData/ModuleCache.noindex/CoreServices-7B0MWWR4O7P0WUUM62332YZOF.pcm /Users/ivean/Library/Developer/Xcode/DerivedData/ModuleCache.noindex/Symbols-C8ZBHATGD5WAV90JW3EG44TVH.pcm /Users/ivean/Library/Developer/Xcode/DerivedData/ModuleCache.noindex/QuartzCore-6B3MNXBUYRIBG19XKJG4P80LB.pcm /Users/ivean/Library/Developer/Xcode/DerivedData/ModuleCache.noindex/CUPS-5PD9DQ1ZEYUDDO08RQFQ2JGX9.pcm /Users/ivean/Library/Developer/Xcode/DerivedData/ModuleCache.noindex/_Builtin_intrinsics-V8CRHRJKU94RY1Q8XM3V7GRH.pcm /Users/ivean/Library/Developer/Xcode/DerivedData/ModuleCache.noindex/Dispatch-E2TK18FAE7GPH6IB3S8FYKUP0.pcm /Users/ivean/Library/Developer/Xcode/DerivedData/ModuleCache.noindex/XPC-4OZT5BIFDNTSQYU412SNOERI5.pcm /Users/ivean/Library/Developer/Xcode/DerivedData/ModuleCache.noindex/launch-55Q8E3A1ARFAP9860JIS01ZVW.pcm /Users/ivean/Library/Developer/Xcode/DerivedData/ModuleCache.noindex/CoreTransferable-56Y7FK4OWA9FFZU5HE6G0EYXF.pcm /Users/ivean/Library/Developer/Xcode/DerivedData/ModuleCache.noindex/_Builtin_limits-4BT9QTN0BVO9L7WODK7UEK0KU.pcm /Users/ivean/Library/Developer/Xcode/DerivedData/ModuleCache.noindex/_DarwinFoundation3-7O8A8B1ZSVMZ9DULHO7VCY68.pcm /Users/ivean/Library/Developer/Xcode/DerivedData/ModuleCache.noindex/libkern-4QMVOKL2NDPVQBJRYAQD0HIH2.pcm /Users/ivean/Library/Developer/Xcode/DerivedData/ModuleCache.noindex/DeveloperToolsSupport-2GOZIYNHS59ZU3WRLWIOVCY4C.pcm /Users/ivean/Library/Developer/Xcode/DerivedData/ModuleCache.noindex/ptrcheck-F43IJLU79PCKW9GVJUNXK2QP7.pcm /Users/ivean/Library/Developer/Xcode/DerivedData/ModuleCache.noindex/ptrauth-7IXL6QKANXQ72E3FU9IZU6LB6.pcm /Users/ivean/Library/Developer/Xcode/DerivedData/ModuleCache.noindex/ScreenCaptureKit-7D029RWOVTUKNU66LKXTFPGJZ.pcm /Users/ivean/Library/Developer/Xcode/DerivedData/ModuleCache.noindex/CoreData-5KAGBD2AM5N1EGM6E87A6JGR0.pcm /Users/ivean/Library/Developer/Xcode/DerivedData/ModuleCache.noindex/CoreMIDI-AAUXA2PSC1PUEK9WXKDOTYM06.pcm /Users/ivean/Library/Developer/Xcode/DerivedData/ModuleCache.noindex/os-9KKHRZA261TMLN8538DBK3044.pcm /Users/ivean/Library/Developer/Xcode/DerivedData/DockMinimize-butboltxyivsradwxfexqksgjlss/Build/Intermediates.noindex/DockMinimize.build/Release/DockMinimize.build/Objects-normal/x86_64/DockMinimize-dependencies-1.json (in target 'DockMinimize' from project 'DockMinimize')
	SwiftCompile normal arm64 Compiling\ DockMinimizeApp.swift,\ AppDelegate.swift,\ MenuBarController.swift,\ AccessibilityManager.swift,\ DockEventMonitor.swift,\ WindowManager.swift,\ SettingsManager.swift,\ SettingsView.swift,\ DebugLogger.swift,\ ScreenCaptureManager.swift,\ WindowThumbnailService.swift,\ HoverEventMonitor.swift,\ PreviewStateManager.swift,\ ThumbnailCardView.swift,\ PreviewBarView.swift,\ PreviewBarController.swift,\ PrivateApis.swift,\ LargePreviewView.swift,\ CacheManager.swift,\ GeneratedAssetSymbols.swift /Users/ivean/Documents/软件安装/我的扩展/DockMinimize/DockMinimize/DockMinimizeApp.swift /Users/ivean/Documents/软件安装/我的扩展/DockMinimize/DockMinimize/AppDelegate.swift /Users/ivean/Documents/软件安装/我的扩展/DockMinimize/DockMinimize/MenuBarController.swift /Users/ivean/Documents/软件安装/我的扩展/DockMinimize/DockMinimize/AccessibilityManager.swift /Users/ivean/Documents/软件安装/我的扩展/DockMinimize/DockMinimize/DockEventMonitor.swift /Users/ivean/Documents/软件安装/我的扩展/DockMinimize/DockMinimize/WindowManager.swift /Users/ivean/Documents/软件安装/我的扩展/DockMinimize/DockMinimize/SettingsManager.swift /Users/ivean/Documents/软件安装/我的扩展/DockMinimize/DockMinimize/SettingsView.swift /Users/ivean/Documents/软件安装/我的扩展/DockMinimize/DockMinimize/DebugLogger.swift /Users/ivean/Documents/软件安装/我的扩展/DockMinimize/DockMinimize/ScreenCaptureManager.swift /Users/ivean/Documents/软件安装/我的扩展/DockMinimize/DockMinimize/WindowThumbnailService.swift /Users/ivean/Documents/软件安装/我的扩展/DockMinimize/DockMinimize/HoverEventMonitor.swift /Users/ivean/Documents/软件安装/我的扩展/DockMinimize/DockMinimize/PreviewStateManager.swift /Users/ivean/Documents/软件安装/我的扩展/DockMinimize/DockMinimize/ThumbnailCardView.swift /Users/ivean/Documents/软件安装/我的扩展/DockMinimize/DockMinimize/PreviewBarView.swift /Users/ivean/Documents/软件安装/我的扩展/DockMinimize/DockMinimize/PreviewBarController.swift /Users/ivean/Documents/软件安装/我的扩展/DockMinimize/DockMinimize/PrivateApis.swift /Users/ivean/Documents/软件安装/我的扩展/DockMinimize/DockMinimize/LargePreviewView.swift /Users/ivean/Documents/软件安装/我的扩展/DockMinimize/DockMinimize/CacheManager.swift /Users/ivean/Library/Developer/Xcode/DerivedData/DockMinimize-butboltxyivsradwxfexqksgjlss/Build/Intermediates.noindex/DockMinimize.build/Release/DockMinimize.build/DerivedSources/GeneratedAssetSymbols.swift /Applications/Xcode.app/Contents/Developer/Toolchains/XcodeDefault.xctoolchain/usr/lib/swift/macosx/prebuilt-modules/26.2/CoreVideo.swiftmodule/arm64e-apple-macos.swiftmodule /Applications/Xcode.app/Contents/Developer/Toolchains/XcodeDefault.xctoolchain/usr/lib/swift/macosx/prebuilt-modules/26.2/simd.swiftmodule/arm64e-apple-macos.swiftmodule /Applications/Xcode.app/Contents/Developer/Toolchains/XcodeDefault.xctoolchain/usr/lib/swift/macosx/prebuilt-modules/26.2/Dispatch.swiftmodule/arm64e-apple-macos.swiftmodule /Applications/Xcode.app/Contents/Developer/Toolchains/XcodeDefault.xctoolchain/usr/lib/swift/macosx/prebuilt-modules/26.2/CoreMIDI.swiftmodule/arm64e-apple-macos.swiftmodule /Applications/Xcode.app/Contents/Developer/Toolchains/XcodeDefault.xctoolchain/usr/lib/swift/macosx/prebuilt-modules/26.2/CoreAudio.swiftmodule/arm64e-apple-macos.swiftmodule /Applications/Xcode.app/Contents/Developer/Toolchains/XcodeDefault.xctoolchain/usr/lib/swift/macosx/prebuilt-modules/26.2/Accessibility.swiftmodule/arm64e-apple-macos.swiftmodule /Applications/Xcode.app/Contents/Developer/Toolchains/XcodeDefault.xctoolchain/usr/lib/swift/macosx/prebuilt-modules/26.2/DeveloperToolsSupport.swiftmodule/arm64e-apple-macos.swiftmodule /Applications/Xcode.app/Contents/Developer/Toolchains/XcodeDefault.xctoolchain/usr/lib/swift/macosx/prebuilt-modules/26.2/_DarwinFoundation3.swiftmodule/arm64e-apple-macos.swiftmodule /Applications/Xcode.app/Contents/Developer/Toolchains/XcodeDefault.xctoolchain/usr/lib/swift/macosx/prebuilt-modules/26.2/Metal.swiftmodule/arm64e-apple-macos.swiftmodule /Applications/Xcode.app/Contents/Developer/Toolchains/XcodeDefault.xctoolchain/usr/lib/swift/macosx/prebuilt-modules/26.2/Observation.swiftmodule/arm64e-apple-macos.swiftmodule /Applications/Xcode.app/Contents/Developer/Toolchains/XcodeDefault.xctoolchain/usr/lib/swift/macosx/prebuilt-modules/26.2/Synchronization.swiftmodule/arm64e-apple-macos.swiftmodule /Applications/Xcode.app/Contents/Developer/Toolchains/XcodeDefault.xctoolchain/usr/lib/swift/macosx/prebuilt-modules/26.2/CoreGraphics.swiftmodule/arm64e-apple-macos.swiftmodule /Applications/Xcode.app/Contents/Developer/Toolchains/XcodeDefault.xctoolchain/usr/lib/swift/macosx/prebuilt-modules/26.2/DataDetection.swiftmodule/arm64e-apple-macos.swiftmodule /Applications/Xcode.app/Contents/Developer/Toolchains/XcodeDefault.xctoolchain/usr/lib/swift/macosx/prebuilt-modules/26.2/_Builtin_float.swiftmodule/arm64e-apple-macos.swiftmodule /Applications/Xcode.app/Contents/Developer/Toolchains/XcodeDefault.xctoolchain/usr/lib/swift/macosx/prebuilt-modules/26.2/AVFAudio.swiftmodule/arm64e-apple-macos.swiftmodule /Applications/Xcode.app/Contents/Developer/Toolchains/XcodeDefault.xctoolchain/usr/lib/swift/macosx/prebuilt-modules/26.2/SwiftUICore.swiftmodule/arm64e-apple-macos.swiftmodule /Applications/Xcode.app/Contents/Developer/Toolchains/XcodeDefault.xctoolchain/usr/lib/swift/macosx/prebuilt-modules/26.2/ObjectiveC.swiftmodule/arm64e-apple-macos.swiftmodule /Applications/Xcode.app/Contents/Developer/Toolchains/XcodeDefault.xctoolchain/usr/lib/swift/macosx/prebuilt-modules/26.2/_DarwinFoundation1.swiftmodule/arm64e-apple-macos.swiftmodule /Applications/Xcode.app/Contents/Developer/Toolchains/XcodeDefault.xctoolchain/usr/lib/swift/macosx/prebuilt-modules/26.2/_DarwinFoundation2.swiftmodule/arm64e-apple-macos.swiftmodule /Applications/Xcode.app/Contents/Developer/Toolchains/XcodeDefault.xctoolchain/usr/lib/swift/macosx/prebuilt-modules/26.2/UniformTypeIdentifiers.swiftmodule/arm64e-apple-macos.swiftmodule /Applications/Xcode.app/Contents/Developer/Toolchains/XcodeDefault.xctoolchain/usr/lib/swift/macosx/prebuilt-modules/26.2/AVFoundation.swiftmodule/arm64e-apple-macos.swiftmodule /Applications/Xcode.app/Contents/Developer/Toolchains/XcodeDefault.xctoolchain/usr/lib/swift/macosx/prebuilt-modules/26.2/IOKit.swiftmodule/arm64e-apple-macos.swiftmodule /Applications/Xcode.app/Contents/Developer/Toolchains/XcodeDefault.xctoolchain/usr/lib/swift/macosx/prebuilt-modules/26.2/XPC.swiftmodule/arm64e-apple-macos.swiftmodule /Applications/Xcode.app/Contents/Developer/Toolchains/XcodeDefault.xctoolchain/usr/lib/swift/macosx/prebuilt-modules/26.2/Swift.swiftmodule/arm64e-apple-macos.swiftmodule /Applications/Xcode.app/Contents/Developer/Toolchains/XcodeDefault.xctoolchain/usr/lib/swift/macosx/prebuilt-modules/26.2/os.swiftmodule/arm64e-apple-macos.swiftmodule /Applications/Xcode.app/Contents/Developer/Toolchains/XcodeDefault.xctoolchain/usr/lib/swift/macosx/prebuilt-modules/26.2/CoreImage.swiftmodule/arm64e-apple-macos.swiftmodule /Applications/Xcode.app/Contents/Developer/Toolchains/XcodeDefault.xctoolchain/usr/lib/swift/macosx/prebuilt-modules/26.2/AppKit.swiftmodule/arm64e-apple-macos.swiftmodule /Applications/Xcode.app/Contents/Developer/Toolchains/XcodeDefault.xctoolchain/usr/lib/swift/macosx/prebuilt-modules/26.2/Darwin.swiftmodule/arm64e-apple-macos.swiftmodule /Applications/Xcode.app/Contents/Developer/Toolchains/XcodeDefault.xctoolchain/usr/lib/swift/macosx/prebuilt-modules/26.2/Symbols.swiftmodule/arm64e-apple-macos.swiftmodule /Applications/Xcode.app/Contents/Developer/Toolchains/XcodeDefault.xctoolchain/usr/lib/swift/macosx/prebuilt-modules/26.2/QuartzCore.swiftmodule/arm64e-apple-macos.swiftmodule /Applications/Xcode.app/Contents/Developer/Toolchains/XcodeDefault.xctoolchain/usr/lib/swift/macosx/prebuilt-modules/26.2/_StringProcessing.swiftmodule/arm64e-apple-macos.swiftmodule /Applications/Xcode.app/Contents/Developer/Toolchains/XcodeDefault.xctoolchain/usr/lib/swift/macosx/prebuilt-modules/26.2/ScreenCaptureKit.swiftmodule/arm64e-apple-macos.swiftmodule /Applications/Xcode.app/Contents/Developer/Toolchains/XcodeDefault.xctoolchain/usr/lib/swift/macosx/prebuilt-modules/26.2/System.swiftmodule/arm64e-apple-macos.swiftmodule /Applications/Xcode.app/Contents/Developer/Toolchains/XcodeDefault.xctoolchain/usr/lib/swift/macosx/prebuilt-modules/26.2/CoreTransferable.swiftmodule/arm64e-apple-macos.swiftmodule /Applications/Xcode.app/Contents/Developer/Toolchains/XcodeDefault.xctoolchain/usr/lib/swift/macosx/prebuilt-modules/26.2/_Concurrency.swiftmodule/arm64e-apple-macos.swiftmodule /Applications/Xcode.app/Contents/Developer/Toolchains/XcodeDefault.xctoolchain/usr/lib/swift/macosx/prebuilt-modules/26.2/Foundation.swiftmodule/arm64e-apple-macos.swiftmodule /Applications/Xcode.app/Contents/Developer/Toolchains/XcodeDefault.xctoolchain/usr/lib/swift/macosx/prebuilt-modules/26.2/Spatial.swiftmodule/arm64e-apple-macos.swiftmodule /Applications/Xcode.app/Contents/Developer/Toolchains/XcodeDefault.xctoolchain/usr/lib/swift/macosx/prebuilt-modules/26.2/AudioToolbox.swiftmodule/arm64e-apple-macos.swiftmodule /Applications/Xcode.app/Contents/Developer/Toolchains/XcodeDefault.xctoolchain/usr/lib/swift/macosx/prebuilt-modules/26.2/SwiftUI.swiftmodule/arm64e-apple-macos.swiftmodule /Applications/Xcode.app/Contents/Developer/Toolchains/XcodeDefault.xctoolchain/usr/lib/swift/macosx/prebuilt-modules/26.2/Combine.swiftmodule/arm64e-apple-macos.swiftmodule /Applications/Xcode.app/Contents/Developer/Toolchains/XcodeDefault.xctoolchain/usr/lib/swift/macosx/prebuilt-modules/26.2/CoreText.swiftmodule/arm64e-apple-macos.swiftmodule /Applications/Xcode.app/Contents/Developer/Toolchains/XcodeDefault.xctoolchain/usr/lib/swift/macosx/prebuilt-modules/26.2/CoreFoundation.swiftmodule/arm64e-apple-macos.swiftmodule /Applications/Xcode.app/Contents/Developer/Toolchains/XcodeDefault.xctoolchain/usr/lib/swift/macosx/prebuilt-modules/26.2/CoreMedia.swiftmodule/arm64e-apple-macos.swiftmodule /Applications/Xcode.app/Contents/Developer/Toolchains/XcodeDefault.xctoolchain/usr/lib/swift/macosx/prebuilt-modules/26.2/CoreData.swiftmodule/arm64e-apple-macos.swiftmodule /Applications/Xcode.app/Contents/Developer/Toolchains/XcodeDefault.xctoolchain/usr/lib/swift/macosx/prebuilt-modules/26.2/OSLog.swiftmodule/arm64e-apple-macos.swiftmodule /Users/ivean/Library/Developer/Xcode/DerivedData/ModuleCache.noindex/_DarwinFoundation2-3TUZMEVJA3Q6MMTZVISG8UCJR.pcm /Users/ivean/Library/Developer/Xcode/DerivedData/ModuleCache.noindex/MachO-3PNSZASLR7BU2J2G4OAT1AL08.pcm /Users/ivean/Library/Developer/Xcode/DerivedData/ModuleCache.noindex/CoreImage-3K0X5HV9GHDZB55B9RK4WBJN7.pcm /Users/ivean/Library/Developer/Xcode/DerivedData/ModuleCache.noindex/OpenGL-7SBE7MB1S92L9T1QO9376LTDT.pcm /Users/ivean/Library/Developer/Xcode/DerivedData/ModuleCache.noindex/_Builtin_inttypes-19GKOA7MQTFJ9XQ0L4RGX6ML5.pcm /Users/ivean/Library/Developer/Xcode/DerivedData/ModuleCache.noindex/ScreenCaptureKit-98AYGFI5WRDL046ZWUW4JPH2T.pcm /Users/ivean/Library/Developer/Xcode/DerivedData/ModuleCache.noindex/Accessibility-5JPH4B65EZ4TPV062TKOXTE4G.pcm /Users/ivean/Library/Developer/Xcode/DerivedData/ModuleCache.noindex/_Builtin_limits-11FS443HRPZ80RFV0LCN019FA.pcm /Users/ivean/Library/Developer/Xcode/DerivedData/ModuleCache.noindex/ptrcheck-30983AXS0YMY78ZTHP1QT0KT0.pcm /Users/ivean/Library/Developer/Xcode/DerivedData/ModuleCache.noindex/_AvailabilityInternal-156XIN6UD3I0G5TX9GU8UHHXF.pcm /Users/ivean/Library/Developer/Xcode/DerivedData/ModuleCache.noindex/_Builtin_tgmath-A2QH2U8MOLHEPNMIJJ1BTXEQS.pcm /Users/ivean/Library/Developer/Xcode/DerivedData/ModuleCache.noindex/simd-CUWEWYHXWX3TDD2GA32HHDXK3.pcm /Users/ivean/Library/Developer/Xcode/DerivedData/ModuleCache.noindex/DeveloperToolsSupport-BAR4L5QW920BF0W6RISBLZCWP.pcm /Users/ivean/Library/Developer/Xcode/DerivedData/ModuleCache.noindex/IOSurface-BMG0P7KM8FESXF9SWTE0RLYUZ.pcm /Users/ivean/Library/Developer/Xcode/DerivedData/ModuleCache.noindex/AudioToolbox-7UVOQEDFD70U9A8B4BYXFBAJA.pcm /Users/ivean/Library/Developer/Xcode/DerivedData/ModuleCache.noindex/Spatial-5919HE4AI0NF8H1KDH2SSECLK.pcm /Users/ivean/Library/Developer/Xcode/DerivedData/ModuleCache.noindex/sys_types-9V4ZGCNTL09BQ0COCQ6DIMUEF.pcm /Users/ivean/Library/Developer/Xcode/DerivedData/ModuleCache.noindex/Cocoa-3ZQXODJ5YJT77878MWAFU1M38.pcm /Users/ivean/Library/Developer/Xcode/DerivedData/ModuleCache.noindex/Dispatch-B0WKOL7JSBMZB8ITDTBPOMXHT.pcm /Users/ivean/Library/Developer/Xcode/DerivedData/ModuleCache.noindex/ApplicationServices-CSBZGASJSU3GZ3M18DSEDRZ5K.pcm /Users/ivean/Library/Developer/Xcode/DerivedData/ModuleCache.noindex/DataDetection-6KWX3B4SIXLGSZOG49GQQTKMC.pcm /Users/ivean/Library/Developer/Xcode/DerivedData/ModuleCache.noindex/Security-7JYTH3NFJGOVJKNBS2PGQPNVY.pcm /Users/ivean/Library/Developer/Xcode/DerivedData/ModuleCache.noindex/ObjectiveC-4CLD2RE7DRY3E4U8XBWS7AJYT.pcm /Users/ivean/Library/Developer/Xcode/DerivedData/ModuleCache.noindex/libkern-5O29M054DXTV71ZAQGJZFGY5U.pcm /Users/ivean/Library/Developer/Xcode/DerivedData/ModuleCache.noindex/_Builtin_stdarg-5MJQ3X5DFWK5Q2MVZUI7ONN62.pcm /Users/ivean/Library/Developer/Xcode/DerivedData/ModuleCache.noindex/libDER-EE1NXO7OYDULK09GTK9W8MQ7U.pcm /Users/ivean/Library/Developer/Xcode/DerivedData/ModuleCache.noindex/CoreMIDI-9Q7V4H8UY6RYNBEBOOWAPFW6B.pcm /Users/ivean/Library/Developer/Xcode/DerivedData/ModuleCache.noindex/CoreMedia-DLMXZQJSK1UA22NKM0B0UXO45.pcm /Users/ivean/Library/Developer/Xcode/DerivedData/ModuleCache.noindex/_Builtin_stdatomic-6G2L2O7LAVNS8246AIMGI8NJF.pcm /Users/ivean/Library/Developer/Xcode/DerivedData/ModuleCache.noindex/_Builtin_float-23ONHZVA0LXGZHMZFDO1CXQJI.pcm /Users/ivean/Library/Developer/Xcode/DerivedData/ModuleCache.noindex/UniformTypeIdentifiers-9ZUKL6HTKQQ5M6O2SWBRQPZV.pcm /Users/ivean/Library/Developer/Xcode/DerivedData/ModuleCache.noindex/os_workgroup-9PID97OUNTHJKUJTRMOK3PKKM.pcm /Users/ivean/Library/Developer/Xcode/DerivedData/ModuleCache.noindex/SwiftUI-1XR7PGGQXRMNJMID7SB06F416.pcm /Users/ivean/Library/Developer/Xcode/DerivedData/ModuleCache.noindex/Foundation-V3F5X325EXWPW279C5PX9351.pcm /Users/ivean/Library/Developer/Xcode/DerivedData/ModuleCache.noindex/CoreData-82FQ436BKUP1FUMIE0XGXTCJI.pcm /Users/ivean/Library/Developer/Xcode/DerivedData/ModuleCache.noindex/_Builtin_intrinsics-921YAT0UZPQ6PALOTHOIKXQ1L.pcm /Users/ivean/Library/Developer/Xcode/DerivedData/ModuleCache.noindex/DiskArbitration-AMYHLMMK65CSDCFQLZVVF4TNY.pcm /Users/ivean/Library/Developer/Xcode/DerivedData/ModuleCache.noindex/_DarwinFoundation1-89TN17VEWWU7MX95BX3OSIHZR.pcm /Users/ivean/Library/Developer/Xcode/DerivedData/ModuleCache.noindex/_SwiftConcurrencyShims-CQNSCVMTDL7FB5IE2U6N4VTO2.pcm /Users/ivean/Library/Developer/Xcode/DerivedData/ModuleCache.noindex/_Builtin_stdint-9V38718GUR4XRD314U3UBQ23.pcm /Users/ivean/Library/Developer/Xcode/DerivedData/ModuleCache.noindex/CoreAudioTypes-A5RY6JZSEIBYULEQF2P7CFYVH.pcm /Users/ivean/Library/Developer/Xcode/DerivedData/ModuleCache.noindex/_Builtin_stddef-7DX1SXXEXIQBASV4NZFFE3HX1.pcm /Users/ivean/Library/Developer/Xcode/DerivedData/ModuleCache.noindex/ptrauth-17RP6X0YR422SADS9IQPU88DK.pcm /Users/ivean/Library/Developer/Xcode/DerivedData/ModuleCache.noindex/Darwin-84499M0QJAOH28ILXYR5NUMBA.pcm /Users/ivean/Library/Developer/Xcode/DerivedData/ModuleCache.noindex/Carbon-E36GM9OM37WY3BSMP1SCLTWGR.pcm /Users/ivean/Library/Developer/Xcode/DerivedData/ModuleCache.noindex/MediaToolbox-DLEZ5S2BCHDKS0QB06TOQHPHZ.pcm /Users/ivean/Library/Developer/Xcode/DerivedData/ModuleCache.noindex/launch-7LF6TB7SBEYBTRVYTMNFUG9E6.pcm /Users/ivean/Library/Developer/Xcode/DerivedData/ModuleCache.noindex/XPC-9QQ1FQYMUGRIELV6868QPO0H2.pcm /Users/ivean/Library/Developer/Xcode/DerivedData/ModuleCache.noindex/Symbols-6VS18661UTY5T1PKSXTLK1IHY.pcm /Users/ivean/Library/Developer/Xcode/DerivedData/ModuleCache.noindex/CoreServices-278P1AGZN6K5NJ3PWTGNVB05C.pcm /Users/ivean/Library/Developer/Xcode/DerivedData/ModuleCache.noindex/os_object-3CCLFRR0MU6V2928NOM99CMP6.pcm /Users/ivean/Library/Developer/Xcode/DerivedData/ModuleCache.noindex/ServiceManagement-653USMF38QJD73O0N7Z582G8Y.pcm /Users/ivean/Library/Developer/Xcode/DerivedData/ModuleCache.noindex/QuartzCore-AUOAJE8ZGL5BNSNZP64200DWF.pcm /Users/ivean/Library/Developer/Xcode/DerivedData/ModuleCache.noindex/AVFoundation-5M75IFB0G79GTI4TGITFPU6U3.pcm /Users/ivean/Library/Developer/Xcode/DerivedData/ModuleCache.noindex/AVFAudio-3UISG84XZ3U56SNQ7BD5R38N7.pcm /Users/ivean/Library/Developer/Xcode/DerivedData/ModuleCache.noindex/OSLog-5LBRRB9QVU0M0MCZTHT1ZVWRS.pcm /Users/ivean/Library/Developer/Xcode/DerivedData/ModuleCache.noindex/CoreTransferable-CRORN0LG7X8KQP312XTYN7WS8.pcm /Users/ivean/Library/Developer/Xcode/DerivedData/ModuleCache.noindex/CoreVideo-9A3B4R958E6055MANDICCL0C.pcm /Users/ivean/Library/Developer/Xcode/DerivedData/ModuleCache.noindex/CFNetwork-9UU20VRPDX1D6VET5FOFAQ965.pcm /Users/ivean/Library/Developer/Xcode/DerivedData/ModuleCache.noindex/CoreFoundation-67SIEKUZ7NJ86Q0IEDB4AEPUV.pcm /Users/ivean/Library/Developer/Xcode/DerivedData/ModuleCache.noindex/CUPS-4N7CFB1SCZDEKSDCTRMCQWSPP.pcm /Users/ivean/Library/Developer/Xcode/DerivedData/ModuleCache.noindex/CoreAudio-9KRTFY1PF659LC1IEFT19M14H.pcm /Users/ivean/Library/Developer/Xcode/DerivedData/ModuleCache.noindex/CoreGraphics-1KUW5WLBXOV1OF1RIL3HPY8EV.pcm /Users/ivean/Library/Developer/Xcode/DerivedData/ModuleCache.noindex/ImageIO-97A1AYAHXCSCYU22G8IUFU3NJ.pcm /Users/ivean/Library/Developer/Xcode/DerivedData/ModuleCache.noindex/CoreText-6Z2ANNK2638K8RIXQ32NHV510.pcm /Users/ivean/Library/Developer/Xcode/DerivedData/ModuleCache.noindex/IOKit-9433EZ12X0H8YD5IK17YZL8VA.pcm /Users/ivean/Library/Developer/Xcode/DerivedData/ModuleCache.noindex/os-EKBO29IXKSNIHE2LHNKWIYOIQ.pcm /Users/ivean/Library/Developer/Xcode/DerivedData/ModuleCache.noindex/ColorSync-AAAZ84DOL6RLTUY15KGH2RIT5.pcm /Users/ivean/Library/Developer/Xcode/DerivedData/ModuleCache.noindex/_Builtin_stdbool-2MBMOTTNL5YXQGDDX3A9O9O9K.pcm /Users/ivean/Library/Developer/Xcode/DerivedData/ModuleCache.noindex/_DarwinFoundation3-69P7J2RFQSA40TW5UJQTWQIX0.pcm /Users/ivean/Library/Developer/Xcode/DerivedData/ModuleCache.noindex/Metal-118RAACYGPB0TB6JMBKQQGWUW.pcm /Users/ivean/Library/Developer/Xcode/DerivedData/ModuleCache.noindex/SwiftShims-9BTOWOZ78X9R880MULEP1EJYD.pcm /Users/ivean/Library/Developer/Xcode/DerivedData/ModuleCache.noindex/AppKit-877KAT5YS65T1IEBU0ZOHN56W.pcm /Users/ivean/Library/Developer/Xcode/DerivedData/ModuleCache.noindex/SwiftUICore-DKKHJO0E9L9QZU6DGCRDD07CS.pcm /Users/ivean/Library/Developer/Xcode/DerivedData/DockMinimize-butboltxyivsradwxfexqksgjlss/Build/Intermediates.noindex/DockMinimize.build/Release/DockMinimize.build/Objects-normal/arm64/DockMinimize-dependencies-2.json (in target 'DockMinimize' from project 'DockMinimize')
	CompileSwift normal arm64 (in target 'DockMinimize' from project 'DockMinimize')
	Building project DockMinimize with scheme DockMinimize and configuration Release
(5 failures)
